Running task 1 specified in logfiles/cpump_ML_02.config.pkl on euler7 at Sun 26 Oct 14:53:43 CET 2025 with 6 threads
INFO:tenpy.tools.params:MixedHofstadterLandauGauge_Pi_2: reading 'Lx'=2
INFO:tenpy.tools.params:MixedHofstadterLandauGauge_Pi_2: setting 'N_rings'=2
INFO:tenpy.tools.params:MixedHofstadterLandauGauge_Pi_2: reading 'Ly'=6
INFO:tenpy.tools.params:MixedHofstadterLandauGauge_Pi_2: reading 'bc_MPS'='infinite'
INFO:tenpy.tools.params:MixedHofstadterLandauGauge_Pi_2: reading 't'=-1
INFO:tenpy.tools.params:MixedHofstadterLandauGauge_Pi_2: reading 't2'=-0.25
INFO:tenpy.tools.params:MixedHofstadterLandauGauge_Pi_2: reading 'V1'=0.6
INFO:tenpy.tools.params:MixedHofstadterLandauGauge_Pi_2: reading 'phi_ext'=np.float64(0.0)
/home/t30/kna/ge54yin/Documents/MasterThesisFQHinTMDs/MPS_stuff/MPScalculations/.venv/lib/python3.12/site-packages/tenpy/tools/params.py:232: UserWarning: unused options for config MixedHofstadterLandauGauge_Pi_2:
['Delta', 'N_rings', 'Nsec', 'bc', 'chi_max', 'ktot', 'saveAll']
  warnings.warn(msg.format(keys=sorted(unused), name=self.name))
INFO:tenpy.tools.params:DMRG: subconfig 'trunc_params'=Config(<1 options>, 'trunc_params')
INFO:tenpy.tools.params:DMRG: reading 'chi_list'={0: 512}
INFO:tenpy.algorithms.mps_common:start environment_sweep
INFO:tenpy.tools.params:trunc_params: reading 'chi_max'=512
INFO:tenpy.tools.params:DMRG: reading 'mixer'=True
INFO:tenpy.algorithms.mps_common:activate DensityMatrixMixer with initial amplitude 1e-05
INFO:tenpy.tools.params:DMRG: reading 'max_sweeps'=250
INFO:tenpy.algorithms.dmrg:Running sweep with optimization
INFO:tenpy.algorithms.mps_common:Setting chi_max=512
INFO:tenpy.algorithms.mps_common:activate DensityMatrixMixer with initial amplitude 1e-05
INFO:tenpy.algorithms.mps_common:start environment_sweep
INFO:tenpy.algorithms.dmrg:checkpoint after sweep 10
energy=-0.4107314900455196, max S=3.4464755087482501, age=396, norm_err=1.7e-02
Current memory usage 496.0MB, wall time: 710.6s
Delta E = nan, Delta S = 3.0178e-01 (per sweep)
max trunc_err = 7.7928e-06, max E_trunc = 2.9782e-05
chi: [512, 512, 512, 512, 512, 512, 512, 512, 512, 512, 512, 512]
================================================================================
INFO:tenpy.algorithms.dmrg:Running sweep with optimization
INFO:tenpy.algorithms.mps_common:start environment_sweep
INFO:tenpy.algorithms.dmrg:checkpoint after sweep 20
energy=-0.3923710366935254, max S=2.8900601940468067, age=756, norm_err=1.5e-01
Current memory usage 503.9MB, wall time: 850.9s
Delta E = 1.8360e-03, Delta S = -5.2359e-02 (per sweep)
max trunc_err = 4.9608e-06, max E_trunc = 4.9618e-06
chi: [512, 512, 512, 512, 512, 512, 512, 512, 512, 512, 512, 512]
================================================================================
INFO:tenpy.algorithms.dmrg:Running sweep with optimization
INFO:tenpy.algorithms.mps_common:start environment_sweep
INFO:tenpy.algorithms.dmrg:checkpoint after sweep 30
energy=-0.3932187507780256, max S=3.0617868994687472, age=1116, norm_err=7.3e-02
Current memory usage 503.9MB, wall time: 858.3s
Delta E = -8.4771e-05, Delta S = 1.6281e-02 (per sweep)
max trunc_err = 6.5740e-06, max E_trunc = 4.5354e-06
chi: [512, 512, 512, 512, 512, 512, 512, 512, 512, 512, 512, 512]
================================================================================
INFO:tenpy.algorithms.dmrg:Running sweep with optimization
INFO:tenpy.algorithms.mps_common:start environment_sweep
INFO:tenpy.algorithms.dmrg:checkpoint after sweep 40
energy=-0.4083105609382187, max S=3.1874517982336990, age=1476, norm_err=3.3e-03
Current memory usage 503.9MB, wall time: 863.3s
Delta E = -1.5092e-03, Delta S = 8.0185e-03 (per sweep)
max trunc_err = 1.8584e-06, max E_trunc = 7.6422e-06
chi: [512, 512, 512, 512, 512, 512, 512, 512, 512, 512, 512, 512]
================================================================================
INFO:tenpy.algorithms.dmrg:Running sweep with optimization
INFO:tenpy.algorithms.mps_common:Disable mixer after 50 sweeps, final amplitude 3.051757812499999e-10.
INFO:tenpy.algorithms.mps_common:deactivate DensityMatrixMixer with final amplitude 3.051757812499999e-10
INFO:tenpy.algorithms.mps_common:start environment_sweep
INFO:tenpy.algorithms.dmrg:checkpoint after sweep 50
energy=-0.4081166910263126, max S=3.1901866609872132, age=1836, norm_err=1.4e-02
Current memory usage 510.8MB, wall time: 826.3s
Delta E = 1.9387e-05, Delta S = 2.1001e-03 (per sweep)
max trunc_err = 1.6187e-06, max E_trunc = 6.7423e-06
chi: [512, 512, 512, 512, 512, 512, 512, 512, 512, 512, 512, 512]
================================================================================
INFO:tenpy.algorithms.dmrg:Running sweep with optimization
INFO:tenpy.algorithms.mps_common:start environment_sweep
INFO:tenpy.algorithms.dmrg:checkpoint after sweep 60
energy=-0.3744799907033164, max S=2.7602562261473187, age=2196, norm_err=1.5e-02
Current memory usage 510.8MB, wall time: 781.2s
Delta E = 3.3637e-03, Delta S = -4.6517e-02 (per sweep)
max trunc_err = 1.0668e-06, max E_trunc = 7.1092e-07
chi: [512, 512, 512, 511, 512, 512, 512, 512, 512, 512, 512, 512]
================================================================================
INFO:tenpy.algorithms.dmrg:Running sweep with optimization
INFO:tenpy.algorithms.mps_common:start environment_sweep
INFO:tenpy.algorithms.dmrg:checkpoint after sweep 70
energy=-0.3923200056742455, max S=2.9295186077809285, age=2556, norm_err=1.2e-01
Current memory usage 510.8MB, wall time: 786.0s
Delta E = -1.7840e-03, Delta S = 2.3611e-02 (per sweep)
max trunc_err = 1.7751e-06, max E_trunc = 4.4187e-06
chi: [512, 512, 512, 511, 511, 512, 512, 512, 512, 512, 512, 512]
================================================================================
INFO:tenpy.algorithms.dmrg:Running sweep with optimization
INFO:tenpy.algorithms.mps_common:start environment_sweep
INFO:tenpy.algorithms.dmrg:checkpoint after sweep 80
energy=-0.3887685077943767, max S=2.9925230613987255, age=2916, norm_err=7.9e-02
Current memory usage 510.8MB, wall time: 786.1s
Delta E = 3.5515e-04, Delta S = 6.7080e-03 (per sweep)
max trunc_err = 1.9971e-06, max E_trunc = 4.3610e-06
chi: [512, 511, 512, 511, 511, 512, 512, 512, 512, 512, 512, 512]
================================================================================
INFO:tenpy.algorithms.dmrg:Running sweep with optimization
INFO:tenpy.algorithms.mps_common:start environment_sweep
INFO:tenpy.algorithms.dmrg:checkpoint after sweep 90
energy=-0.3885299270807726, max S=2.9377985570132332, age=3276, norm_err=1.7e-01
Current memory usage 510.8MB, wall time: 786.4s
Delta E = 2.3858e-05, Delta S = -4.3876e-03 (per sweep)
max trunc_err = 2.4214e-06, max E_trunc = 4.3408e-06
chi: [512, 511, 512, 511, 511, 512, 512, 512, 512, 512, 512, 512]
================================================================================
INFO:tenpy.algorithms.dmrg:Running sweep with optimization
INFO:tenpy.algorithms.mps_common:start environment_sweep
INFO:tenpy.algorithms.dmrg:checkpoint after sweep 100
energy=-0.3774137394565666, max S=3.1157525630303464, age=3636, norm_err=1.1e-01
Current memory usage 510.8MB, wall time: 780.9s
Delta E = 1.1116e-03, Delta S = 1.8738e-02 (per sweep)
max trunc_err = 2.8534e-06, max E_trunc = 4.4383e-06
chi: [512, 509, 512, 511, 511, 512, 512, 512, 512, 512, 512, 512]
================================================================================
INFO:tenpy.algorithms.dmrg:Running sweep with optimization
INFO:tenpy.algorithms.mps_common:start environment_sweep
INFO:tenpy.algorithms.dmrg:checkpoint after sweep 110
energy=-0.3763660105172069, max S=3.2547623654664308, age=3996, norm_err=5.3e-02
Current memory usage 510.8MB, wall time: 778.6s
Delta E = 1.0477e-04, Delta S = 1.3661e-02 (per sweep)
max trunc_err = 3.3029e-06, max E_trunc = 4.4533e-06
chi: [512, 512, 512, 511, 511, 512, 512, 512, 512, 512, 512, 512]
================================================================================
INFO:tenpy.algorithms.dmrg:Running sweep with optimization
INFO:tenpy.algorithms.mps_common:start environment_sweep
INFO:tenpy.algorithms.dmrg:checkpoint after sweep 120
energy=-0.3889483013436745, max S=2.9727162618006711, age=4356, norm_err=1.4e-01
Current memory usage 510.8MB, wall time: 779.4s
Delta E = -1.2582e-03, Delta S = -3.0160e-02 (per sweep)
max trunc_err = 2.2164e-06, max E_trunc = 4.3463e-06
chi: [512, 510, 512, 511, 511, 512, 512, 512, 512, 512, 512, 512]
================================================================================
INFO:tenpy.algorithms.dmrg:Running sweep with optimization
INFO:tenpy.algorithms.mps_common:start environment_sweep
INFO:tenpy.algorithms.dmrg:checkpoint after sweep 130
energy=-0.3827704558312348, max S=3.1008434251529211, age=4716, norm_err=5.6e-02
Current memory usage 510.8MB, wall time: 713.6s
Delta E = 6.1778e-04, Delta S = 1.2554e-02 (per sweep)
max trunc_err = 3.5492e-06, max E_trunc = 4.3882e-06
chi: [512, 511, 512, 511, 511, 512, 512, 512, 512, 512, 512, 512]
================================================================================
INFO:tenpy.algorithms.dmrg:Running sweep with optimization
INFO:tenpy.algorithms.mps_common:start environment_sweep
INFO:tenpy.algorithms.dmrg:checkpoint after sweep 140
energy=-0.3831222037625632, max S=3.2264728422333429, age=5076, norm_err=4.5e-02
Current memory usage 510.8MB, wall time: 603.3s
Delta E = -3.5175e-05, Delta S = 1.3730e-02 (per sweep)
max trunc_err = 2.3988e-06, max E_trunc = 4.3957e-06
chi: [512, 511, 512, 511, 511, 512, 512, 512, 512, 512, 512, 512]
================================================================================
INFO:tenpy.algorithms.dmrg:Running sweep with optimization
INFO:tenpy.algorithms.mps_common:start environment_sweep
INFO:tenpy.algorithms.dmrg:checkpoint after sweep 150
energy=-0.3893876050454992, max S=3.0197823415848570, age=5436, norm_err=1.3e-01
Current memory usage 510.8MB, wall time: 602.2s
Delta E = -6.2654e-04, Delta S = -2.2284e-02 (per sweep)
max trunc_err = 2.2819e-06, max E_trunc = 4.2851e-06
chi: [512, 511, 512, 510, 511, 512, 512, 512, 512, 512, 512, 512]
================================================================================
INFO:tenpy.algorithms.dmrg:Running sweep with optimization
INFO:tenpy.algorithms.mps_common:start environment_sweep
INFO:tenpy.algorithms.dmrg:checkpoint after sweep 160
energy=-0.3914853860990017, max S=2.9113877158196018, age=5796, norm_err=1.6e-01
Current memory usage 510.8MB, wall time: 601.6s
Delta E = -2.0978e-04, Delta S = -9.3590e-03 (per sweep)
max trunc_err = 2.0668e-06, max E_trunc = 4.2489e-06
chi: [512, 512, 512, 511, 511, 512, 512, 512, 512, 512, 512, 512]
================================================================================
INFO:tenpy.algorithms.dmrg:Running sweep with optimization
INFO:tenpy.algorithms.mps_common:start environment_sweep
INFO:tenpy.algorithms.dmrg:checkpoint after sweep 170
energy=-0.3928849697740020, max S=2.8814059610152301, age=6156, norm_err=1.5e-01
Current memory usage 510.8MB, wall time: 602.5s
Delta E = -1.3996e-04, Delta S = -2.7592e-03 (per sweep)
max trunc_err = 2.5365e-06, max E_trunc = 4.3713e-06
chi: [512, 511, 512, 511, 511, 512, 512, 512, 512, 512, 512, 512]
================================================================================
INFO:tenpy.algorithms.dmrg:Running sweep with optimization
INFO:tenpy.algorithms.mps_common:start environment_sweep
INFO:tenpy.algorithms.dmrg:checkpoint after sweep 180
energy=-0.3911541492766825, max S=2.8935860399511104, age=6516, norm_err=1.4e-01
Current memory usage 510.8MB, wall time: 601.6s
Delta E = 1.7308e-04, Delta S = 1.4129e-04 (per sweep)
max trunc_err = 1.7363e-06, max E_trunc = 4.4879e-06
chi: [512, 512, 512, 511, 511, 512, 512, 512, 512, 512, 512, 512]
================================================================================
INFO:tenpy.algorithms.dmrg:Running sweep with optimization
INFO:tenpy.algorithms.mps_common:start environment_sweep
INFO:tenpy.algorithms.dmrg:checkpoint after sweep 190
energy=-0.3932724497099116, max S=2.9265209683225528, age=6876, norm_err=2.0e-01
Current memory usage 510.8MB, wall time: 602.1s
Delta E = -2.1183e-04, Delta S = 3.8649e-03 (per sweep)
max trunc_err = 2.2676e-06, max E_trunc = 4.4979e-06
chi: [512, 512, 512, 510, 511, 512, 512, 512, 512, 512, 512, 512]
================================================================================
INFO:tenpy.algorithms.dmrg:Running sweep with optimization
INFO:tenpy.algorithms.mps_common:start environment_sweep
INFO:tenpy.algorithms.dmrg:checkpoint after sweep 200
energy=-0.4012419851201041, max S=3.1385814691064793, age=7236, norm_err=1.6e-03
Current memory usage 510.8MB, wall time: 601.1s
Delta E = -7.9695e-04, Delta S = 1.5620e-02 (per sweep)
max trunc_err = 1.9806e-06, max E_trunc = 4.3664e-06
chi: [512, 512, 512, 511, 511, 512, 512, 512, 512, 512, 512, 512]
================================================================================
INFO:tenpy.algorithms.dmrg:Running sweep with optimization
INFO:tenpy.algorithms.mps_common:start environment_sweep
INFO:tenpy.algorithms.dmrg:checkpoint after sweep 210
energy=-0.3985974612068617, max S=2.9327113618430678, age=7596, norm_err=4.3e-03
Current memory usage 510.8MB, wall time: 598.0s
Delta E = 2.6445e-04, Delta S = -2.1069e-02 (per sweep)
max trunc_err = 1.4593e-06, max E_trunc = 4.4968e-06
chi: [512, 511, 512, 510, 511, 511, 512, 512, 512, 512, 512, 512]
================================================================================
INFO:tenpy.algorithms.dmrg:Running sweep with optimization
INFO:tenpy.algorithms.mps_common:start environment_sweep
INFO:tenpy.algorithms.dmrg:checkpoint after sweep 220
energy=-0.3905001667546155, max S=2.8850556929307416, age=7956, norm_err=8.7e-03
Current memory usage 510.8MB, wall time: 594.5s
Delta E = 8.0973e-04, Delta S = 1.1424e-03 (per sweep)
max trunc_err = 7.9580e-07, max E_trunc = 1.0007e-06
chi: [512, 512, 512, 511, 512, 512, 512, 512, 512, 512, 512, 512]
================================================================================
INFO:tenpy.algorithms.dmrg:Running sweep with optimization
INFO:tenpy.algorithms.mps_common:start environment_sweep
INFO:tenpy.algorithms.dmrg:checkpoint after sweep 230
energy=-0.3981080151372112, max S=2.8292991303611745, age=8316, norm_err=1.4e-03
Current memory usage 510.8MB, wall time: 599.5s
Delta E = -7.6078e-04, Delta S = -1.2276e-02 (per sweep)
max trunc_err = 2.2219e-06, max E_trunc = 4.4706e-06
chi: [512, 511, 512, 509, 511, 511, 512, 512, 512, 512, 512, 512]
================================================================================
INFO:tenpy.algorithms.dmrg:Running sweep with optimization
INFO:tenpy.algorithms.mps_common:start environment_sweep
INFO:tenpy.algorithms.dmrg:checkpoint after sweep 240
energy=-0.3799715431718103, max S=2.9427601145939724, age=8676, norm_err=1.1e-02
Current memory usage 510.8MB, wall time: 594.8s
Delta E = 1.8136e-03, Delta S = 1.7429e-02 (per sweep)
max trunc_err = 8.7637e-07, max E_trunc = 6.4061e-07
chi: [512, 512, 512, 511, 512, 512, 512, 512, 512, 512, 512, 512]
================================================================================
INFO:tenpy.algorithms.dmrg:Running sweep with optimization
INFO:tenpy.algorithms.mps_common:start environment_sweep
INFO:tenpy.algorithms.dmrg:checkpoint after sweep 250
energy=-0.3913635927106801, max S=2.9604501482409935, age=9036, norm_err=1.1e-01
Current memory usage 510.8MB, wall time: 601.4s
Delta E = -1.1392e-03, Delta S = 1.5185e-03 (per sweep)
max trunc_err = 1.7134e-06, max E_trunc = 4.2843e-06
chi: [512, 511, 512, 511, 511, 512, 512, 512, 512, 512, 512, 512]
================================================================================
INFO:tenpy.algorithms.dmrg:Running sweep with optimization
INFO:tenpy.algorithms.mps_common:start environment_sweep
INFO:tenpy.algorithms.dmrg:checkpoint after sweep 260
energy=-0.3835778797969927, max S=3.1267656622540319, age=9396, norm_err=7.2e-02
Current memory usage 510.8MB, wall time: 602.2s
Delta E = 7.7857e-04, Delta S = 1.8022e-02 (per sweep)
max trunc_err = 3.0192e-06, max E_trunc = 4.4373e-06
chi: [512, 512, 512, 511, 511, 512, 512, 512, 512, 512, 512, 512]
================================================================================
INFO:tenpy.algorithms.mps_common:TwoSiteDMRGEngine: Maximum number of sweeps reached
WARNING:tenpy.algorithms.dmrg:final DMRG state not in canonical form up to norm_tol=1.00e-05: norm_err=7.15e-02
INFO:tenpy.algorithms.mps_common:start environment_sweep
INFO:tenpy.algorithms.mps_common:start environment_sweep
INFO:tenpy.algorithms.mps_common:start environment_sweep
INFO:tenpy.algorithms.mps_common:start environment_sweep
WARNING:tenpy.algorithms.dmrg:final DMRG state not in canonical form up to norm_tol_final=1.00e-10: norm_err=3.72e-06, calling psi.canonical_form()
INFO:tenpy.algorithms.dmrg:TwoSiteDMRGEngine finished after 260 sweeps, max chi=512
INFO:tenpy.tools.params:MixedHofstadterLandauGauge_Pi_2: reading 'explicit_plus_hc'=False
INFO:tenpy.tools.params:MixedHofstadterLandauGauge_Pi_2: reading 'Lx'=2
INFO:tenpy.tools.params:MixedHofstadterLandauGauge_Pi_2: setting 'N_rings'=2
INFO:tenpy.tools.params:MixedHofstadterLandauGauge_Pi_2: reading 'xy_lattice'='Square'
INFO:tenpy.tools.params:MixedHofstadterLandauGauge_Pi_2: reading 'Ly'=6
INFO:tenpy.tools.params:MixedHofstadterLandauGauge_Pi_2: reading 'ring_order'=None
INFO:tenpy.tools.params:MixedHofstadterLandauGauge_Pi_2: reading 'conserve_k'=True
INFO:tenpy.tools.params:MixedHofstadterLandauGauge_Pi_2: reading 'bc_MPS'='infinite'
INFO:tenpy.tools.params:MixedHofstadterLandauGauge_Pi_2: reading 't'=-1
INFO:tenpy.tools.params:MixedHofstadterLandauGauge_Pi_2: reading 't2'=-0.25
INFO:tenpy.tools.params:MixedHofstadterLandauGauge_Pi_2: reading 'V1'=0.6
INFO:tenpy.tools.params:MixedHofstadterLandauGauge_Pi_2: reading 'phi_ext'=np.float64(0.05)
INFO:tenpy.tools.params:MixedHofstadterLandauGauge_Pi_2: reading 'sort_mpo_legs'=False
/home/t30/kna/ge54yin/Documents/MasterThesisFQHinTMDs/MPS_stuff/MPScalculations/.venv/lib/python3.12/site-packages/tenpy/tools/params.py:232: UserWarning: unused options for config MixedHofstadterLandauGauge_Pi_2:
['Delta', 'N_rings', 'Nsec', 'bc', 'chi_max', 'ktot', 'saveAll']
  warnings.warn(msg.format(keys=sorted(unused), name=self.name))
INFO:tenpy.tools.params:DMRG: subconfig 'trunc_params'=Config(<1 options>, 'trunc_params')
INFO:tenpy.algorithms.mps_common:start environment_sweep
INFO:tenpy.tools.params:trunc_params: reading 'chi_max'=512
INFO:tenpy.tools.params:DMRG: subconfig 'mixer_params'=Config(<1 options>, 'mixer_params')
INFO:tenpy.tools.params:DMRG: reading 'mixer'=None
INFO:tenpy.tools.params:DMRG: reading 'max_sweeps'=100
INFO:tenpy.algorithms.dmrg:Running sweep with optimization
INFO:tenpy.algorithms.mps_common:start environment_sweep
INFO:tenpy.algorithms.dmrg:checkpoint after sweep 10
energy=-0.3939639223187577, max S=2.9173347853622209, age=396, norm_err=1.8e-01
Current memory usage 716.4MB, wall time: 601.8s
Delta E = nan, Delta S = -2.4114e-02 (per sweep)
max trunc_err = 2.7290e-06, max E_trunc = 4.7984e-06
chi: [512, 512, 512, 511, 511, 512, 512, 512, 512, 512, 512, 512]
================================================================================
INFO:tenpy.algorithms.dmrg:Running sweep with optimization
INFO:tenpy.algorithms.mps_common:start environment_sweep
INFO:tenpy.algorithms.dmrg:checkpoint after sweep 20
energy=-0.3891852119148022, max S=2.9439262381575455, age=756, norm_err=2.0e-01
Current memory usage 716.4MB, wall time: 606.1s
Delta E = 4.7787e-04, Delta S = 4.6465e-03 (per sweep)
max trunc_err = 2.9766e-06, max E_trunc = 4.4730e-06
chi: [512, 511, 512, 511, 511, 512, 512, 512, 512, 512, 512, 512]
================================================================================
INFO:tenpy.algorithms.dmrg:Running sweep with optimization
INFO:tenpy.algorithms.mps_common:start environment_sweep
INFO:tenpy.algorithms.dmrg:checkpoint after sweep 30
energy=-0.3801025137422513, max S=3.2496030929411477, age=1116, norm_err=7.5e-02
Current memory usage 716.4MB, wall time: 607.7s
Delta E = 9.0827e-04, Delta S = 3.1436e-02 (per sweep)
max trunc_err = 2.5434e-06, max E_trunc = 4.7270e-06
chi: [512, 511, 512, 511, 511, 512, 512, 512, 512, 512, 512, 512]
================================================================================
INFO:tenpy.algorithms.dmrg:Running sweep with optimization
INFO:tenpy.algorithms.mps_common:start environment_sweep
INFO:tenpy.algorithms.dmrg:checkpoint after sweep 40
energy=-0.3878297241393890, max S=3.0747628671029483, age=1476, norm_err=8.9e-02
Current memory usage 716.4MB, wall time: 608.7s
Delta E = -7.7272e-04, Delta S = -1.9158e-02 (per sweep)
max trunc_err = 3.1211e-06, max E_trunc = 4.6851e-06
chi: [512, 510, 512, 511, 511, 512, 512, 512, 512, 512, 512, 512]
================================================================================
INFO:tenpy.algorithms.dmrg:Running sweep with optimization
INFO:tenpy.algorithms.mps_common:start environment_sweep
INFO:tenpy.algorithms.dmrg:checkpoint after sweep 50
energy=-0.3882570195359705, max S=3.0359662895434676, age=1836, norm_err=9.3e-02
Current memory usage 716.4MB, wall time: 607.9s
Delta E = -4.2730e-05, Delta S = -4.2174e-03 (per sweep)
max trunc_err = 2.3889e-06, max E_trunc = 4.6438e-06
chi: [512, 511, 512, 511, 511, 512, 512, 512, 512, 512, 512, 512]
================================================================================
INFO:tenpy.algorithms.dmrg:Running sweep with optimization
INFO:tenpy.algorithms.mps_common:start environment_sweep
INFO:tenpy.algorithms.dmrg:checkpoint after sweep 60
energy=-0.3967208016912167, max S=2.9969844111467197, age=2196, norm_err=1.0e-01
Current memory usage 716.4MB, wall time: 607.0s
Delta E = -8.4638e-04, Delta S = -6.1752e-03 (per sweep)
max trunc_err = 3.6407e-06, max E_trunc = 4.6275e-06
chi: [512, 512, 512, 511, 511, 512, 512, 512, 512, 512, 512, 512]
================================================================================
INFO:tenpy.algorithms.dmrg:Running sweep with optimization
INFO:tenpy.algorithms.mps_common:start environment_sweep
INFO:tenpy.algorithms.dmrg:checkpoint after sweep 70
energy=-0.3938060307125871, max S=3.0251042445663634, age=2556, norm_err=5.7e-04
Current memory usage 716.4MB, wall time: 606.7s
Delta E = 2.9148e-04, Delta S = -1.6405e-03 (per sweep)
max trunc_err = 7.4330e-07, max E_trunc = 5.7610e-06
chi: [512, 511, 512, 511, 511, 512, 512, 512, 512, 512, 512, 512]
================================================================================
INFO:tenpy.algorithms.dmrg:Running sweep with optimization
INFO:tenpy.algorithms.mps_common:start environment_sweep
INFO:tenpy.algorithms.dmrg:checkpoint after sweep 80
energy=-0.3977404762377811, max S=2.9449471523063995, age=2916, norm_err=2.1e-03
Current memory usage 716.4MB, wall time: 605.3s
Delta E = -3.9344e-04, Delta S = -6.5605e-03 (per sweep)
max trunc_err = 1.2724e-06, max E_trunc = 4.5418e-06
chi: [512, 512, 512, 511, 511, 511, 512, 512, 512, 512, 512, 512]
================================================================================
INFO:tenpy.algorithms.dmrg:Running sweep with optimization
INFO:tenpy.algorithms.mps_common:start environment_sweep
INFO:tenpy.algorithms.dmrg:checkpoint after sweep 90
energy=-0.3995129311341354, max S=2.9333750057356873, age=3276, norm_err=5.0e-03
Current memory usage 716.4MB, wall time: 602.3s
Delta E = -1.7725e-04, Delta S = -1.9753e-04 (per sweep)
max trunc_err = 1.8115e-06, max E_trunc = 4.7275e-06
chi: [512, 512, 512, 510, 511, 511, 512, 512, 512, 512, 512, 512]
================================================================================
INFO:tenpy.algorithms.dmrg:Running sweep with optimization
INFO:tenpy.algorithms.mps_common:start environment_sweep
INFO:tenpy.algorithms.dmrg:checkpoint after sweep 100
energy=-0.3897739128997178, max S=3.0773758520802259, age=3636, norm_err=4.0e-03
Current memory usage 716.4MB, wall time: 599.6s
Delta E = 9.7390e-04, Delta S = 1.8008e-02 (per sweep)
max trunc_err = 8.4155e-07, max E_trunc = 9.2907e-07
chi: [512, 512, 512, 511, 512, 512, 512, 512, 512, 512, 512, 512]
================================================================================
INFO:tenpy.algorithms.dmrg:Running sweep with optimization
INFO:tenpy.algorithms.mps_common:start environment_sweep
INFO:tenpy.algorithms.dmrg:checkpoint after sweep 110
energy=-0.3993178877580874, max S=2.9147655442834410, age=3996, norm_err=2.7e-03
Current memory usage 716.4MB, wall time: 603.2s
Delta E = -9.5440e-04, Delta S = -2.0239e-02 (per sweep)
max trunc_err = 1.0265e-06, max E_trunc = 4.4368e-06
chi: [512, 512, 512, 511, 511, 511, 512, 512, 512, 512, 512, 512]
================================================================================
INFO:tenpy.algorithms.mps_common:TwoSiteDMRGEngine: Maximum number of sweeps reached
WARNING:tenpy.algorithms.dmrg:final DMRG state not in canonical form up to norm_tol=1.00e-05: norm_err=2.71e-03
INFO:tenpy.algorithms.mps_common:start environment_sweep
WARNING:tenpy.algorithms.dmrg:final DMRG state not in canonical form up to norm_tol_final=1.00e-10: norm_err=8.60e-06, calling psi.canonical_form()
INFO:tenpy.algorithms.dmrg:TwoSiteDMRGEngine finished after 110 sweeps, max chi=512
INFO:tenpy.tools.params:MixedHofstadterLandauGauge_Pi_2: reading 'explicit_plus_hc'=False
INFO:tenpy.tools.params:MixedHofstadterLandauGauge_Pi_2: reading 'Lx'=2
INFO:tenpy.tools.params:MixedHofstadterLandauGauge_Pi_2: setting 'N_rings'=2
INFO:tenpy.tools.params:MixedHofstadterLandauGauge_Pi_2: reading 'xy_lattice'='Square'
INFO:tenpy.tools.params:MixedHofstadterLandauGauge_Pi_2: reading 'Ly'=6
INFO:tenpy.tools.params:MixedHofstadterLandauGauge_Pi_2: reading 'ring_order'=None
INFO:tenpy.tools.params:MixedHofstadterLandauGauge_Pi_2: reading 'conserve_k'=True
INFO:tenpy.tools.params:MixedHofstadterLandauGauge_Pi_2: reading 'bc_MPS'='infinite'
INFO:tenpy.tools.params:MixedHofstadterLandauGauge_Pi_2: reading 't'=-1
INFO:tenpy.tools.params:MixedHofstadterLandauGauge_Pi_2: reading 't2'=-0.25
INFO:tenpy.tools.params:MixedHofstadterLandauGauge_Pi_2: reading 'V1'=0.6
INFO:tenpy.tools.params:MixedHofstadterLandauGauge_Pi_2: reading 'phi_ext'=np.float64(0.1)
INFO:tenpy.tools.params:MixedHofstadterLandauGauge_Pi_2: reading 'sort_mpo_legs'=False
/home/t30/kna/ge54yin/Documents/MasterThesisFQHinTMDs/MPS_stuff/MPScalculations/.venv/lib/python3.12/site-packages/tenpy/tools/params.py:232: UserWarning: unused options for config MixedHofstadterLandauGauge_Pi_2:
['Delta', 'N_rings', 'Nsec', 'bc', 'chi_max', 'ktot', 'saveAll']
  warnings.warn(msg.format(keys=sorted(unused), name=self.name))
INFO:tenpy.tools.params:DMRG: reading 'active_sites'=2
INFO:tenpy.tools.params:DMRG: reading 'diag_method'='default'
INFO:tenpy.tools.params:DMRG: subconfig 'trunc_params'=Config(<5 options>, 'trunc_params')
INFO:tenpy.tools.params:DMRG: reading 'max_N_sites_per_ring'=18
INFO:tenpy.tools.params:DMRG: reading 'combine'=False
INFO:tenpy.tools.params:DMRG: subconfig 'lanczos_params'=Config(<9 options>, 'lanczos_params')
INFO:tenpy.tools.params:DMRG: reading 'chi_list'=None
INFO:tenpy.tools.params:DMRG: reading 'start_env'=1
INFO:tenpy.algorithms.mps_common:start environment_sweep
INFO:tenpy.tools.params:DMRG: reading 'N_sweeps_check'=10
INFO:tenpy.tools.params:DMRG: subconfig 'mixer_params'=Config(<3 options>, 'mixer_params')
INFO:tenpy.tools.params:DMRG: reading 'mixer'=None
INFO:tenpy.tools.params:DMRG: reading 'max_sweeps'=100
INFO:tenpy.tools.params:DMRG: reading 'max_hours'=8760
INFO:tenpy.tools.params:DMRG: reading 'P_tol_to_trunc'=0.05
INFO:tenpy.tools.params:DMRG: reading 'P_tol_min'=5.0000000000000004e-30
INFO:tenpy.tools.params:DMRG: reading 'P_tol_max'=0.0001
INFO:tenpy.tools.params:DMRG: reading 'E_tol_to_trunc'=None
INFO:tenpy.algorithms.dmrg:Running sweep with optimization
INFO:tenpy.tools.params:DMRG: reading 'max_N_for_ED'=400
INFO:tenpy.tools.params:DMRG: reading 'update_env'=5
INFO:tenpy.algorithms.mps_common:start environment_sweep
INFO:tenpy.algorithms.dmrg:checkpoint after sweep 10
energy=-0.3751069437850880, max S=2.8085573841158471, age=396, norm_err=3.0e-02
Current memory usage 717.2MB, wall time: 598.1s
Delta E = nan, Delta S = -8.7378e-03 (per sweep)
max trunc_err = 5.5130e-07, max E_trunc = 7.0115e-07
chi: [512, 512, 512, 512, 512, 512, 512, 512, 512, 512, 512, 512]
================================================================================
INFO:tenpy.algorithms.dmrg:Running sweep with optimization
INFO:tenpy.algorithms.mps_common:start environment_sweep
INFO:tenpy.algorithms.dmrg:checkpoint after sweep 20
energy=-0.3897590583508901, max S=2.9851809803442704, age=756, norm_err=1.6e-01
Current memory usage 717.2MB, wall time: 605.9s
Delta E = -1.4652e-03, Delta S = 1.9012e-02 (per sweep)
max trunc_err = 2.7315e-06, max E_trunc = 4.8402e-06
chi: [512, 511, 512, 510, 511, 512, 512, 512, 512, 512, 512, 512]
================================================================================
INFO:tenpy.tools.params:DMRG: reading 'max_E_err'=1e-08
INFO:tenpy.tools.params:DMRG: reading 'max_S_err'=1e-05
INFO:tenpy.algorithms.dmrg:Running sweep with optimization
INFO:tenpy.algorithms.mps_common:start environment_sweep
INFO:tenpy.algorithms.dmrg:checkpoint after sweep 30
energy=-0.3752139486945438, max S=3.1226701909060410, age=1116, norm_err=6.8e-02
Current memory usage 717.2MB, wall time: 607.2s
Delta E = 1.4545e-03, Delta S = 1.9594e-02 (per sweep)
max trunc_err = 2.2620e-06, max E_trunc = 4.6870e-06
chi: [512, 511, 512, 511, 511, 512, 512, 512, 512, 512, 512, 512]
================================================================================
INFO:tenpy.algorithms.dmrg:Running sweep with optimization
INFO:tenpy.algorithms.mps_common:start environment_sweep
INFO:tenpy.algorithms.dmrg:checkpoint after sweep 40
energy=-0.3896460968109920, max S=3.0768507387158204, age=1476, norm_err=1.5e-01
Current memory usage 717.2MB, wall time: 920.0s
Delta E = -1.4432e-03, Delta S = -9.3387e-03 (per sweep)
max trunc_err = 3.5807e-06, max E_trunc = 4.8793e-06
chi: [512, 512, 512, 511, 511, 512, 512, 512, 512, 512, 512, 512]
================================================================================
INFO:tenpy.algorithms.dmrg:Running sweep with optimization
INFO:tenpy.algorithms.mps_common:start environment_sweep
INFO:tenpy.algorithms.dmrg:checkpoint after sweep 50
energy=-0.3824791081672743, max S=3.1349514998323511, age=1836, norm_err=7.3e-02
Current memory usage 717.2MB, wall time: 985.7s
Delta E = 7.1670e-04, Delta S = 6.4593e-03 (per sweep)
max trunc_err = 2.7764e-06, max E_trunc = 4.6919e-06
chi: [512, 512, 512, 511, 511, 512, 512, 512, 512, 512, 512, 512]
================================================================================
INFO:tenpy.algorithms.dmrg:Running sweep with optimization
INFO:tenpy.algorithms.mps_common:start environment_sweep
INFO:tenpy.algorithms.dmrg:checkpoint after sweep 60
energy=-0.3900668028432506, max S=2.9548122489817183, age=2196, norm_err=2.2e-01
Current memory usage 717.2MB, wall time: 984.5s
Delta E = -7.5877e-04, Delta S = -1.8986e-02 (per sweep)
max trunc_err = 2.2331e-06, max E_trunc = 4.7552e-06
chi: [512, 510, 512, 511, 511, 512, 512, 512, 512, 512, 512, 512]
================================================================================
INFO:tenpy.algorithms.dmrg:Running sweep with optimization
INFO:tenpy.algorithms.mps_common:start environment_sweep
INFO:tenpy.algorithms.dmrg:checkpoint after sweep 70
energy=-0.3937163709926210, max S=2.8219074089652398, age=2556, norm_err=1.8e-01
Current memory usage 717.2MB, wall time: 986.3s
Delta E = -3.6496e-04, Delta S = -1.2565e-02 (per sweep)
max trunc_err = 1.8230e-06, max E_trunc = 4.6044e-06
chi: [512, 511, 512, 511, 511, 512, 512, 512, 512, 512, 512, 512]
================================================================================
INFO:tenpy.algorithms.dmrg:Running sweep with optimization
INFO:tenpy.algorithms.mps_common:start environment_sweep
INFO:tenpy.algorithms.dmrg:checkpoint after sweep 80
energy=-0.3911820655192647, max S=3.0042300503499346, age=2916, norm_err=1.1e-01
Current memory usage 717.2MB, wall time: 985.1s
Delta E = 2.5343e-04, Delta S = 1.5995e-02 (per sweep)
max trunc_err = 2.3591e-06, max E_trunc = 4.7547e-06
chi: [512, 511, 512, 510, 511, 512, 512, 512, 512, 512, 512, 512]
================================================================================
INFO:tenpy.algorithms.dmrg:Running sweep with optimization
INFO:tenpy.algorithms.mps_common:start environment_sweep
INFO:tenpy.algorithms.dmrg:checkpoint after sweep 90
energy=-0.3906769679812404, max S=2.9017691293115324, age=3276, norm_err=1.4e-01
Current memory usage 717.2MB, wall time: 984.0s
Delta E = 5.0510e-05, Delta S = -6.4623e-03 (per sweep)
max trunc_err = 2.4732e-06, max E_trunc = 4.7461e-06
chi: [512, 511, 512, 510, 511, 512, 512, 512, 512, 512, 512, 512]
================================================================================
INFO:tenpy.algorithms.dmrg:Running sweep with optimization
INFO:tenpy.algorithms.mps_common:start environment_sweep
INFO:tenpy.algorithms.dmrg:checkpoint after sweep 100
energy=-0.3979572697094416, max S=3.0312656941352016, age=3636, norm_err=5.0e-02
Current memory usage 717.2MB, wall time: 984.1s
Delta E = -7.2803e-04, Delta S = 4.3461e-03 (per sweep)
max trunc_err = 2.6015e-06, max E_trunc = 4.9130e-06
chi: [512, 511, 512, 511, 511, 512, 512, 512, 512, 512, 512, 512]
================================================================================
INFO:tenpy.algorithms.dmrg:Running sweep with optimization
INFO:tenpy.algorithms.mps_common:start environment_sweep
INFO:tenpy.algorithms.dmrg:checkpoint after sweep 110
energy=-0.3979486098695967, max S=2.8480350537223047, age=3996, norm_err=1.1e-03
Current memory usage 717.2MB, wall time: 978.5s
Delta E = 8.6598e-07, Delta S = -1.7584e-02 (per sweep)
max trunc_err = 2.0215e-06, max E_trunc = 4.7803e-06
chi: [512, 512, 512, 510, 511, 512, 512, 512, 512, 512, 512, 512]
================================================================================
INFO:tenpy.algorithms.mps_common:TwoSiteDMRGEngine: Maximum number of sweeps reached
INFO:tenpy.tools.params:DMRG: reading 'norm_tol'=1e-05
INFO:tenpy.tools.params:DMRG: reading 'norm_tol_final'=1e-10
INFO:tenpy.tools.params:DMRG: reading 'norm_tol_iter'=5
WARNING:tenpy.algorithms.dmrg:final DMRG state not in canonical form up to norm_tol=1.00e-05: norm_err=1.09e-03
INFO:tenpy.algorithms.mps_common:start environment_sweep
WARNING:tenpy.algorithms.dmrg:final DMRG state not in canonical form up to norm_tol_final=1.00e-10: norm_err=5.71e-07, calling psi.canonical_form()
INFO:tenpy.algorithms.dmrg:TwoSiteDMRGEngine finished after 110 sweeps, max chi=512
INFO:tenpy.tools.params:DMRG: reading 'max_trunc_err'=0.0001
INFO:tenpy.tools.params:MixedHofstadterLandauGauge_Pi_2: reading 'explicit_plus_hc'=False
INFO:tenpy.tools.params:MixedHofstadterLandauGauge_Pi_2: reading 'Lx'=2
INFO:tenpy.tools.params:MixedHofstadterLandauGauge_Pi_2: setting 'N_rings'=2
INFO:tenpy.tools.params:MixedHofstadterLandauGauge_Pi_2: reading 'xy_lattice'='Square'
INFO:tenpy.tools.params:MixedHofstadterLandauGauge_Pi_2: reading 'Ly'=6
INFO:tenpy.tools.params:MixedHofstadterLandauGauge_Pi_2: reading 'ring_order'=None
INFO:tenpy.tools.params:MixedHofstadterLandauGauge_Pi_2: reading 'conserve_k'=True
INFO:tenpy.tools.params:MixedHofstadterLandauGauge_Pi_2: reading 'bc_MPS'='infinite'
INFO:tenpy.tools.params:MixedHofstadterLandauGauge_Pi_2: reading 't'=-1
INFO:tenpy.tools.params:MixedHofstadterLandauGauge_Pi_2: reading 't2'=-0.25
INFO:tenpy.tools.params:MixedHofstadterLandauGauge_Pi_2: reading 'V1'=0.6
INFO:tenpy.tools.params:MixedHofstadterLandauGauge_Pi_2: reading 'phi_ext'=np.float64(0.15000000000000002)
INFO:tenpy.tools.params:MixedHofstadterLandauGauge_Pi_2: reading 'sort_mpo_legs'=False
/home/t30/kna/ge54yin/Documents/MasterThesisFQHinTMDs/MPS_stuff/MPScalculations/.venv/lib/python3.12/site-packages/tenpy/tools/params.py:232: UserWarning: unused options for config MixedHofstadterLandauGauge_Pi_2:
['Delta', 'N_rings', 'Nsec', 'bc', 'chi_max', 'ktot', 'saveAll']
  warnings.warn(msg.format(keys=sorted(unused), name=self.name))
INFO:tenpy.tools.params:DMRG: reading 'active_sites'=2
INFO:tenpy.tools.params:DMRG: reading 'diag_method'='default'
INFO:tenpy.tools.params:DMRG: subconfig 'trunc_params'=Config(<5 options>, 'trunc_params')
INFO:tenpy.tools.params:DMRG: reading 'max_N_sites_per_ring'=18
INFO:tenpy.tools.params:DMRG: reading 'combine'=False
INFO:tenpy.tools.params:DMRG: subconfig 'lanczos_params'=Config(<9 options>, 'lanczos_params')
INFO:tenpy.tools.params:DMRG: reading 'chi_list'=None
INFO:tenpy.tools.params:DMRG: reading 'start_env'=1
INFO:tenpy.algorithms.mps_common:start environment_sweep
INFO:tenpy.tools.params:DMRG: reading 'N_sweeps_check'=10
INFO:tenpy.tools.params:DMRG: subconfig 'mixer_params'=Config(<3 options>, 'mixer_params')
INFO:tenpy.tools.params:DMRG: reading 'mixer'=None
INFO:tenpy.tools.params:DMRG: reading 'max_sweeps'=100
INFO:tenpy.tools.params:DMRG: reading 'max_hours'=8760
INFO:tenpy.tools.params:DMRG: reading 'P_tol_to_trunc'=0.05
INFO:tenpy.tools.params:DMRG: reading 'P_tol_min'=5.0000000000000004e-30
INFO:tenpy.tools.params:DMRG: reading 'P_tol_max'=0.0001
INFO:tenpy.tools.params:DMRG: reading 'E_tol_to_trunc'=None
INFO:tenpy.algorithms.dmrg:Running sweep with optimization
INFO:tenpy.tools.params:DMRG: reading 'max_N_for_ED'=400
INFO:tenpy.tools.params:DMRG: reading 'update_env'=5
INFO:tenpy.algorithms.mps_common:start environment_sweep
INFO:tenpy.algorithms.dmrg:checkpoint after sweep 10
energy=-0.3743562946624313, max S=2.5754207709158217, age=396, norm_err=2.5e-03
Current memory usage 717.2MB, wall time: 967.7s
Delta E = nan, Delta S = -3.6942e-02 (per sweep)
max trunc_err = 1.6450e-06, max E_trunc = 7.0503e-07
chi: [512, 512, 512, 511, 511, 512, 512, 512, 512, 512, 512, 512]
================================================================================
INFO:tenpy.algorithms.dmrg:Running sweep with optimization
INFO:tenpy.algorithms.mps_common:start environment_sweep
INFO:tenpy.algorithms.dmrg:checkpoint after sweep 20
energy=-0.3923873028015450, max S=3.0616388906398893, age=756, norm_err=9.8e-04
Current memory usage 717.2MB, wall time: 973.2s
Delta E = -1.8031e-03, Delta S = 5.5880e-02 (per sweep)
max trunc_err = 8.6668e-07, max E_trunc = 6.2870e-06
chi: [512, 512, 512, 511, 511, 512, 512, 512, 512, 512, 512, 512]
================================================================================
INFO:tenpy.tools.params:DMRG: reading 'max_E_err'=1e-08
INFO:tenpy.tools.params:DMRG: reading 'max_S_err'=1e-05
INFO:tenpy.algorithms.dmrg:Running sweep with optimization
INFO:tenpy.algorithms.mps_common:start environment_sweep
INFO:tenpy.algorithms.dmrg:checkpoint after sweep 30
energy=-0.4089502316768592, max S=3.2017483045161885, age=1116, norm_err=4.5e-03
Current memory usage 717.2MB, wall time: 961.6s
Delta E = -1.6563e-03, Delta S = 1.4949e-02 (per sweep)
max trunc_err = 1.0679e-06, max E_trunc = 8.7027e-06
chi: [512, 512, 512, 511, 512, 512, 512, 512, 512, 512, 512, 512]
================================================================================
INFO:tenpy.algorithms.dmrg:Running sweep with optimization
INFO:tenpy.algorithms.mps_common:start environment_sweep
INFO:tenpy.algorithms.dmrg:checkpoint after sweep 40
energy=-0.4059562220940573, max S=3.2250703407071688, age=1476, norm_err=6.7e-03
Current memory usage 717.2MB, wall time: 890.1s
Delta E = 2.9940e-04, Delta S = 4.0037e-03 (per sweep)
max trunc_err = 1.3116e-06, max E_trunc = 9.6314e-06
chi: [512, 511, 512, 512, 512, 512, 512, 512, 512, 512, 512, 512]
================================================================================
INFO:tenpy.algorithms.dmrg:Running sweep with optimization
INFO:tenpy.algorithms.mps_common:start environment_sweep
INFO:tenpy.algorithms.dmrg:checkpoint after sweep 50
energy=-0.4032299482345631, max S=3.0678519405921234, age=1836, norm_err=4.8e-03
Current memory usage 717.2MB, wall time: 646.9s
Delta E = 2.7263e-04, Delta S = -1.6770e-02 (per sweep)
max trunc_err = 8.2970e-07, max E_trunc = 6.8336e-06
chi: [512, 512, 512, 510, 512, 512, 512, 512, 512, 512, 512, 512]
================================================================================
INFO:tenpy.algorithms.dmrg:Running sweep with optimization
INFO:tenpy.algorithms.mps_common:start environment_sweep
INFO:tenpy.algorithms.dmrg:checkpoint after sweep 60
energy=-0.4035488331218602, max S=3.0751133625747111, age=2196, norm_err=3.4e-03
Current memory usage 717.2MB, wall time: 601.6s
Delta E = -3.1888e-05, Delta S = 8.3905e-04 (per sweep)
max trunc_err = 9.8727e-07, max E_trunc = 8.2166e-06
chi: [512, 512, 512, 511, 512, 512, 512, 512, 512, 512, 512, 512]
================================================================================
INFO:tenpy.algorithms.dmrg:Running sweep with optimization
INFO:tenpy.algorithms.mps_common:start environment_sweep
INFO:tenpy.algorithms.dmrg:checkpoint after sweep 70
energy=-0.4032261281141511, max S=3.0558477048316988, age=2556, norm_err=4.3e-03
Current memory usage 717.2MB, wall time: 602.1s
Delta E = 3.2271e-05, Delta S = -2.7370e-03 (per sweep)
max trunc_err = 1.0242e-06, max E_trunc = 8.4554e-06
chi: [512, 512, 512, 510, 512, 512, 512, 512, 512, 512, 512, 512]
================================================================================
INFO:tenpy.algorithms.dmrg:Running sweep with optimization
INFO:tenpy.algorithms.mps_common:start environment_sweep
INFO:tenpy.algorithms.dmrg:checkpoint after sweep 80
energy=-0.3971905184361901, max S=3.0496212170842401, age=2916, norm_err=8.6e-04
Current memory usage 717.2MB, wall time: 602.8s
Delta E = 6.0356e-04, Delta S = 1.2382e-03 (per sweep)
max trunc_err = 7.0833e-07, max E_trunc = 5.9110e-06
chi: [512, 512, 512, 511, 511, 512, 512, 512, 512, 512, 512, 512]
================================================================================
INFO:tenpy.algorithms.dmrg:Running sweep with optimization
INFO:tenpy.algorithms.mps_common:start environment_sweep
INFO:tenpy.algorithms.dmrg:checkpoint after sweep 90
energy=-0.3935347103657041, max S=2.9061677973427402, age=3276, norm_err=2.3e-01
Current memory usage 717.2MB, wall time: 604.1s
Delta E = 3.6558e-04, Delta S = -1.0346e-02 (per sweep)
max trunc_err = 3.1600e-06, max E_trunc = 4.6273e-06
chi: [512, 511, 512, 511, 511, 512, 512, 512, 512, 512, 512, 512]
================================================================================
INFO:tenpy.algorithms.dmrg:Running sweep with optimization
INFO:tenpy.algorithms.mps_common:start environment_sweep
INFO:tenpy.algorithms.dmrg:checkpoint after sweep 100
energy=-0.3862104721053470, max S=3.1536039337243640, age=3636, norm_err=1.2e-01
Current memory usage 717.2MB, wall time: 603.8s
Delta E = 7.3242e-04, Delta S = 2.5031e-02 (per sweep)
max trunc_err = 2.6799e-06, max E_trunc = 4.7913e-06
chi: [512, 512, 512, 511, 511, 512, 512, 512, 512, 512, 512, 512]
================================================================================
INFO:tenpy.algorithms.dmrg:Running sweep with optimization
INFO:tenpy.algorithms.mps_common:start environment_sweep
INFO:tenpy.algorithms.dmrg:checkpoint after sweep 110
energy=-0.3877353030864015, max S=3.0239538922863582, age=3996, norm_err=1.2e-01
Current memory usage 717.2MB, wall time: 604.5s
Delta E = -1.5248e-04, Delta S = -1.4025e-02 (per sweep)
max trunc_err = 3.7905e-06, max E_trunc = 4.8458e-06
chi: [512, 510, 512, 511, 511, 512, 512, 512, 512, 512, 512, 512]
================================================================================
INFO:tenpy.algorithms.mps_common:TwoSiteDMRGEngine: Maximum number of sweeps reached
INFO:tenpy.tools.params:DMRG: reading 'norm_tol'=1e-05
INFO:tenpy.tools.params:DMRG: reading 'norm_tol_final'=1e-10
INFO:tenpy.tools.params:DMRG: reading 'norm_tol_iter'=5
WARNING:tenpy.algorithms.dmrg:final DMRG state not in canonical form up to norm_tol=1.00e-05: norm_err=1.24e-01
INFO:tenpy.algorithms.mps_common:start environment_sweep
INFO:tenpy.algorithms.mps_common:start environment_sweep
INFO:tenpy.algorithms.mps_common:start environment_sweep
INFO:tenpy.algorithms.mps_common:start environment_sweep
INFO:tenpy.algorithms.mps_common:start environment_sweep
WARNING:tenpy.algorithms.dmrg:final DMRG state not in canonical form up to norm_tol_final=1.00e-10: norm_err=9.09e-06, calling psi.canonical_form()
INFO:tenpy.algorithms.dmrg:TwoSiteDMRGEngine finished after 110 sweeps, max chi=512
INFO:tenpy.tools.params:DMRG: reading 'max_trunc_err'=0.0001
INFO:tenpy.tools.params:MixedHofstadterLandauGauge_Pi_2: reading 'explicit_plus_hc'=False
INFO:tenpy.tools.params:MixedHofstadterLandauGauge_Pi_2: reading 'Lx'=2
INFO:tenpy.tools.params:MixedHofstadterLandauGauge_Pi_2: setting 'N_rings'=2
INFO:tenpy.tools.params:MixedHofstadterLandauGauge_Pi_2: reading 'xy_lattice'='Square'
INFO:tenpy.tools.params:MixedHofstadterLandauGauge_Pi_2: reading 'Ly'=6
INFO:tenpy.tools.params:MixedHofstadterLandauGauge_Pi_2: reading 'ring_order'=None
INFO:tenpy.tools.params:MixedHofstadterLandauGauge_Pi_2: reading 'conserve_k'=True
INFO:tenpy.tools.params:MixedHofstadterLandauGauge_Pi_2: reading 'bc_MPS'='infinite'
INFO:tenpy.tools.params:MixedHofstadterLandauGauge_Pi_2: reading 't'=-1
INFO:tenpy.tools.params:MixedHofstadterLandauGauge_Pi_2: reading 't2'=-0.25
INFO:tenpy.tools.params:MixedHofstadterLandauGauge_Pi_2: reading 'V1'=0.6
INFO:tenpy.tools.params:MixedHofstadterLandauGauge_Pi_2: reading 'phi_ext'=np.float64(0.2)
INFO:tenpy.tools.params:MixedHofstadterLandauGauge_Pi_2: reading 'sort_mpo_legs'=False
/home/t30/kna/ge54yin/Documents/MasterThesisFQHinTMDs/MPS_stuff/MPScalculations/.venv/lib/python3.12/site-packages/tenpy/tools/params.py:232: UserWarning: unused options for config MixedHofstadterLandauGauge_Pi_2:
['Delta', 'N_rings', 'Nsec', 'bc', 'chi_max', 'ktot', 'saveAll']
  warnings.warn(msg.format(keys=sorted(unused), name=self.name))
INFO:tenpy.tools.params:DMRG: reading 'active_sites'=2
INFO:tenpy.tools.params:DMRG: reading 'diag_method'='default'
INFO:tenpy.tools.params:DMRG: subconfig 'trunc_params'=Config(<5 options>, 'trunc_params')
INFO:tenpy.tools.params:DMRG: reading 'max_N_sites_per_ring'=18
INFO:tenpy.tools.params:DMRG: reading 'combine'=False
INFO:tenpy.tools.params:DMRG: subconfig 'lanczos_params'=Config(<9 options>, 'lanczos_params')
INFO:tenpy.tools.params:DMRG: reading 'chi_list'=None
INFO:tenpy.tools.params:DMRG: reading 'start_env'=1
INFO:tenpy.algorithms.mps_common:start environment_sweep
INFO:tenpy.tools.params:DMRG: reading 'N_sweeps_check'=10
INFO:tenpy.tools.params:DMRG: subconfig 'mixer_params'=Config(<3 options>, 'mixer_params')
INFO:tenpy.tools.params:DMRG: reading 'mixer'=None
INFO:tenpy.tools.params:DMRG: reading 'max_sweeps'=100
INFO:tenpy.tools.params:DMRG: reading 'max_hours'=8760
INFO:tenpy.tools.params:DMRG: reading 'P_tol_to_trunc'=0.05
INFO:tenpy.tools.params:DMRG: reading 'P_tol_min'=5.0000000000000004e-30
INFO:tenpy.tools.params:DMRG: reading 'P_tol_max'=0.0001
INFO:tenpy.tools.params:DMRG: reading 'E_tol_to_trunc'=None
INFO:tenpy.algorithms.dmrg:Running sweep with optimization
INFO:tenpy.tools.params:DMRG: reading 'max_N_for_ED'=400
INFO:tenpy.tools.params:DMRG: reading 'update_env'=5
INFO:tenpy.algorithms.mps_common:start environment_sweep
INFO:tenpy.algorithms.dmrg:checkpoint after sweep 10
energy=-0.3881703150713610, max S=3.0184436070717870, age=396, norm_err=1.8e-01
Current memory usage 717.2MB, wall time: 601.8s
Delta E = nan, Delta S = -1.1230e-03 (per sweep)
max trunc_err = 2.8003e-06, max E_trunc = 4.8530e-06
chi: [512, 511, 512, 511, 512, 512, 512, 512, 512, 512, 512, 512]
================================================================================
INFO:tenpy.algorithms.dmrg:Running sweep with optimization
INFO:tenpy.algorithms.mps_common:start environment_sweep
INFO:tenpy.algorithms.dmrg:checkpoint after sweep 20
energy=-0.3940032375910055, max S=3.0374652242131797, age=756, norm_err=1.4e-01
Current memory usage 717.2MB, wall time: 605.9s
Delta E = -5.8329e-04, Delta S = -1.3613e-03 (per sweep)
max trunc_err = 2.7487e-06, max E_trunc = 4.7155e-06
chi: [512, 510, 512, 511, 512, 512, 512, 512, 512, 512, 512, 512]
================================================================================
INFO:tenpy.tools.params:DMRG: reading 'max_E_err'=1e-08
INFO:tenpy.tools.params:DMRG: reading 'max_S_err'=1e-05
INFO:tenpy.algorithms.dmrg:Running sweep with optimization
INFO:tenpy.algorithms.mps_common:start environment_sweep
INFO:tenpy.algorithms.dmrg:checkpoint after sweep 30
energy=-0.3961302202713194, max S=3.0084119478777831, age=1116, norm_err=1.6e-03
Current memory usage 717.2MB, wall time: 604.9s
Delta E = -2.1270e-04, Delta S = -2.2762e-03 (per sweep)
max trunc_err = 1.2118e-06, max E_trunc = 7.1252e-06
chi: [512, 512, 512, 511, 512, 512, 512, 512, 512, 512, 512, 512]
================================================================================
INFO:tenpy.algorithms.dmrg:Running sweep with optimization
INFO:tenpy.algorithms.mps_common:start environment_sweep
INFO:tenpy.algorithms.dmrg:checkpoint after sweep 40
energy=-0.3834435659524000, max S=3.2262999288171521, age=1476, norm_err=8.8e-02
Current memory usage 717.2MB, wall time: 604.8s
Delta E = 1.2687e-03, Delta S = 2.5868e-02 (per sweep)
max trunc_err = 2.5553e-06, max E_trunc = 4.7570e-06
chi: [512, 510, 512, 511, 512, 512, 512, 512, 512, 512, 512, 512]
================================================================================
INFO:tenpy.algorithms.dmrg:Running sweep with optimization
INFO:tenpy.algorithms.mps_common:start environment_sweep
INFO:tenpy.algorithms.dmrg:checkpoint after sweep 50
energy=-0.3992895936190166, max S=2.8691736693855638, age=1836, norm_err=4.6e-03
Current memory usage 717.2MB, wall time: 602.4s
Delta E = -1.5846e-03, Delta S = -3.7758e-02 (per sweep)
max trunc_err = 1.0339e-06, max E_trunc = 4.9037e-06
chi: [512, 512, 512, 511, 511, 512, 512, 512, 512, 512, 512, 512]
================================================================================
INFO:tenpy.algorithms.dmrg:Running sweep with optimization
INFO:tenpy.algorithms.mps_common:start environment_sweep
INFO:tenpy.algorithms.dmrg:checkpoint after sweep 60
energy=-0.3810690311208968, max S=3.0262934873039189, age=2196, norm_err=7.1e-03
Current memory usage 717.2MB, wall time: 603.7s
Delta E = 1.8221e-03, Delta S = 1.5852e-02 (per sweep)
max trunc_err = 6.9292e-07, max E_trunc = 7.4340e-07
chi: [512, 512, 512, 512, 512, 512, 512, 512, 512, 512, 512, 512]
================================================================================
INFO:tenpy.algorithms.dmrg:Running sweep with optimization
INFO:tenpy.algorithms.mps_common:start environment_sweep
INFO:tenpy.algorithms.dmrg:checkpoint after sweep 70
energy=-0.3997967762443769, max S=2.8515025979358781, age=2556, norm_err=4.0e-03
Current memory usage 717.2MB, wall time: 603.8s
Delta E = -1.8728e-03, Delta S = -1.9587e-02 (per sweep)
max trunc_err = 1.3707e-06, max E_trunc = 4.6969e-06
chi: [512, 512, 512, 510, 511, 512, 512, 512, 512, 512, 512, 512]
================================================================================
INFO:tenpy.algorithms.dmrg:Running sweep with optimization
INFO:tenpy.algorithms.mps_common:start environment_sweep
INFO:tenpy.algorithms.dmrg:checkpoint after sweep 80
energy=-0.3985879638058805, max S=2.8780089375097964, age=2916, norm_err=3.6e-03
Current memory usage 717.2MB, wall time: 602.0s
Delta E = 1.2088e-04, Delta S = 8.0218e-04 (per sweep)
max trunc_err = 9.2957e-07, max E_trunc = 6.7261e-07
chi: [512, 512, 512, 512, 512, 512, 512, 512, 512, 512, 512, 512]
================================================================================
INFO:tenpy.algorithms.dmrg:Running sweep with optimization
INFO:tenpy.algorithms.mps_common:start environment_sweep
INFO:tenpy.algorithms.dmrg:checkpoint after sweep 90
energy=-0.3974014104141380, max S=3.0850625955478961, age=3276, norm_err=4.8e-02
Current memory usage 717.2MB, wall time: 604.4s
Delta E = 1.1866e-04, Delta S = 1.8749e-02 (per sweep)
max trunc_err = 2.4868e-06, max E_trunc = 4.9007e-06
chi: [512, 511, 512, 511, 512, 512, 512, 512, 512, 512, 512, 512]
================================================================================
INFO:tenpy.algorithms.dmrg:Running sweep with optimization
INFO:tenpy.algorithms.mps_common:start environment_sweep
INFO:tenpy.algorithms.dmrg:checkpoint after sweep 100
energy=-0.3987708385535219, max S=2.9160357230602587, age=3636, norm_err=6.6e-03
Current memory usage 717.2MB, wall time: 602.8s
Delta E = -1.3694e-04, Delta S = -1.2391e-02 (per sweep)
max trunc_err = 1.6343e-06, max E_trunc = 4.7146e-06
chi: [512, 512, 512, 510, 511, 512, 512, 512, 512, 512, 512, 512]
================================================================================
INFO:tenpy.algorithms.dmrg:Running sweep with optimization
INFO:tenpy.algorithms.mps_common:start environment_sweep
INFO:tenpy.algorithms.dmrg:checkpoint after sweep 110
energy=-0.3767401941251099, max S=3.1570245577256317, age=3996, norm_err=1.1e-03
Current memory usage 717.2MB, wall time: 602.3s
Delta E = 2.2031e-03, Delta S = 2.6974e-02 (per sweep)
max trunc_err = 8.2816e-07, max E_trunc = 7.1273e-07
chi: [512, 512, 512, 512, 512, 512, 512, 512, 512, 512, 512, 512]
================================================================================
INFO:tenpy.algorithms.mps_common:TwoSiteDMRGEngine: Maximum number of sweeps reached
INFO:tenpy.tools.params:DMRG: reading 'norm_tol'=1e-05
INFO:tenpy.tools.params:DMRG: reading 'norm_tol_final'=1e-10
INFO:tenpy.tools.params:DMRG: reading 'norm_tol_iter'=5
WARNING:tenpy.algorithms.dmrg:final DMRG state not in canonical form up to norm_tol=1.00e-05: norm_err=1.07e-03
INFO:tenpy.algorithms.mps_common:start environment_sweep
WARNING:tenpy.algorithms.dmrg:final DMRG state not in canonical form up to norm_tol_final=1.00e-10: norm_err=2.26e-06, calling psi.canonical_form()
INFO:tenpy.algorithms.dmrg:TwoSiteDMRGEngine finished after 110 sweeps, max chi=512
INFO:tenpy.tools.params:DMRG: reading 'max_trunc_err'=0.0001
INFO:tenpy.tools.params:MixedHofstadterLandauGauge_Pi_2: reading 'explicit_plus_hc'=False
INFO:tenpy.tools.params:MixedHofstadterLandauGauge_Pi_2: reading 'Lx'=2
INFO:tenpy.tools.params:MixedHofstadterLandauGauge_Pi_2: setting 'N_rings'=2
INFO:tenpy.tools.params:MixedHofstadterLandauGauge_Pi_2: reading 'xy_lattice'='Square'
INFO:tenpy.tools.params:MixedHofstadterLandauGauge_Pi_2: reading 'Ly'=6
INFO:tenpy.tools.params:MixedHofstadterLandauGauge_Pi_2: reading 'ring_order'=None
INFO:tenpy.tools.params:MixedHofstadterLandauGauge_Pi_2: reading 'conserve_k'=True
INFO:tenpy.tools.params:MixedHofstadterLandauGauge_Pi_2: reading 'bc_MPS'='infinite'
INFO:tenpy.tools.params:MixedHofstadterLandauGauge_Pi_2: reading 't'=-1
INFO:tenpy.tools.params:MixedHofstadterLandauGauge_Pi_2: reading 't2'=-0.25
INFO:tenpy.tools.params:MixedHofstadterLandauGauge_Pi_2: reading 'V1'=0.6
INFO:tenpy.tools.params:MixedHofstadterLandauGauge_Pi_2: reading 'phi_ext'=np.float64(0.25)
INFO:tenpy.tools.params:MixedHofstadterLandauGauge_Pi_2: reading 'sort_mpo_legs'=False
/home/t30/kna/ge54yin/Documents/MasterThesisFQHinTMDs/MPS_stuff/MPScalculations/.venv/lib/python3.12/site-packages/tenpy/tools/params.py:232: UserWarning: unused options for config MixedHofstadterLandauGauge_Pi_2:
['Delta', 'N_rings', 'Nsec', 'bc', 'chi_max', 'ktot', 'saveAll']
  warnings.warn(msg.format(keys=sorted(unused), name=self.name))
INFO:tenpy.tools.params:DMRG: reading 'active_sites'=2
INFO:tenpy.tools.params:DMRG: reading 'diag_method'='default'
INFO:tenpy.tools.params:DMRG: subconfig 'trunc_params'=Config(<5 options>, 'trunc_params')
INFO:tenpy.tools.params:DMRG: reading 'max_N_sites_per_ring'=18
INFO:tenpy.tools.params:DMRG: reading 'combine'=False
INFO:tenpy.tools.params:DMRG: subconfig 'lanczos_params'=Config(<9 options>, 'lanczos_params')
INFO:tenpy.tools.params:DMRG: reading 'chi_list'=None
INFO:tenpy.tools.params:DMRG: reading 'start_env'=1
INFO:tenpy.algorithms.mps_common:start environment_sweep
INFO:tenpy.tools.params:DMRG: reading 'N_sweeps_check'=10
INFO:tenpy.tools.params:DMRG: subconfig 'mixer_params'=Config(<3 options>, 'mixer_params')
INFO:tenpy.tools.params:DMRG: reading 'mixer'=None
INFO:tenpy.tools.params:DMRG: reading 'max_sweeps'=100
INFO:tenpy.tools.params:DMRG: reading 'max_hours'=8760
INFO:tenpy.tools.params:DMRG: reading 'P_tol_to_trunc'=0.05
INFO:tenpy.tools.params:DMRG: reading 'P_tol_min'=5.0000000000000004e-30
INFO:tenpy.tools.params:DMRG: reading 'P_tol_max'=0.0001
INFO:tenpy.tools.params:DMRG: reading 'E_tol_to_trunc'=None
INFO:tenpy.algorithms.dmrg:Running sweep with optimization
INFO:tenpy.tools.params:DMRG: reading 'max_N_for_ED'=400
INFO:tenpy.tools.params:DMRG: reading 'update_env'=5
INFO:tenpy.algorithms.mps_common:start environment_sweep
INFO:tenpy.algorithms.dmrg:checkpoint after sweep 10
energy=-0.3986140827670883, max S=2.8663774214959981, age=396, norm_err=1.7e-03
Current memory usage 717.2MB, wall time: 598.0s
Delta E = nan, Delta S = -3.4713e-02 (per sweep)
max trunc_err = 1.5773e-06, max E_trunc = 4.3828e-06
chi: [512, 512, 512, 510, 511, 512, 512, 512, 512, 512, 512, 512]
================================================================================
INFO:tenpy.algorithms.dmrg:Running sweep with optimization
INFO:tenpy.algorithms.mps_common:start environment_sweep
INFO:tenpy.algorithms.dmrg:checkpoint after sweep 20
energy=-0.4036797521834217, max S=3.1260152173322671, age=756, norm_err=4.7e-03
Current memory usage 717.2MB, wall time: 599.8s
Delta E = -5.0657e-04, Delta S = 2.8664e-02 (per sweep)
max trunc_err = 8.9422e-07, max E_trunc = 5.8835e-06
chi: [512, 512, 512, 510, 512, 512, 512, 512, 512, 512, 512, 512]
================================================================================
INFO:tenpy.tools.params:DMRG: reading 'max_E_err'=1e-08
INFO:tenpy.tools.params:DMRG: reading 'max_S_err'=1e-05
INFO:tenpy.algorithms.dmrg:Running sweep with optimization
INFO:tenpy.algorithms.mps_common:start environment_sweep
INFO:tenpy.algorithms.dmrg:checkpoint after sweep 30
energy=-0.3927160427931800, max S=3.0782226071284144, age=1116, norm_err=1.3e-03
Current memory usage 717.2MB, wall time: 599.0s
Delta E = 1.0964e-03, Delta S = -7.5970e-03 (per sweep)
max trunc_err = 7.2937e-07, max E_trunc = 5.8807e-06
chi: [512, 512, 512, 511, 512, 512, 512, 512, 512, 512, 512, 512]
================================================================================
INFO:tenpy.algorithms.dmrg:Running sweep with optimization
INFO:tenpy.algorithms.mps_common:start environment_sweep
INFO:tenpy.algorithms.dmrg:checkpoint after sweep 40
energy=-0.3960364635534906, max S=3.1547667387798088, age=1476, norm_err=2.4e-02
Current memory usage 717.2MB, wall time: 604.7s
Delta E = -3.3204e-04, Delta S = 7.3889e-03 (per sweep)
max trunc_err = 2.1711e-06, max E_trunc = 4.6951e-06
chi: [512, 511, 512, 511, 512, 512, 512, 512, 512, 512, 512, 512]
================================================================================
INFO:tenpy.algorithms.dmrg:Running sweep with optimization
INFO:tenpy.algorithms.mps_common:start environment_sweep
INFO:tenpy.algorithms.dmrg:checkpoint after sweep 50
energy=-0.4023962657817890, max S=3.1675980885626700, age=1836, norm_err=9.1e-04
Current memory usage 717.2MB, wall time: 603.7s
Delta E = -6.3598e-04, Delta S = 6.0519e-04 (per sweep)
max trunc_err = 8.9282e-07, max E_trunc = 7.3665e-06
chi: [512, 511, 512, 511, 512, 512, 512, 512, 512, 512, 512, 512]
================================================================================
INFO:tenpy.algorithms.dmrg:Running sweep with optimization
INFO:tenpy.algorithms.mps_common:start environment_sweep
INFO:tenpy.algorithms.dmrg:checkpoint after sweep 60
energy=-0.3943995710546204, max S=2.9909073418515399, age=2196, norm_err=1.7e-01
Current memory usage 717.2MB, wall time: 603.8s
Delta E = 7.9967e-04, Delta S = -1.4883e-02 (per sweep)
max trunc_err = 2.7070e-06, max E_trunc = 4.7810e-06
chi: [512, 510, 512, 511, 512, 512, 512, 512, 512, 512, 512, 512]
================================================================================
INFO:tenpy.algorithms.dmrg:Running sweep with optimization
INFO:tenpy.algorithms.mps_common:start environment_sweep
INFO:tenpy.algorithms.dmrg:checkpoint after sweep 70
energy=-0.3924602396277521, max S=3.0803153560643923, age=2556, norm_err=6.5e-04
Current memory usage 717.2MB, wall time: 603.1s
Delta E = 1.9393e-04, Delta S = 6.4493e-03 (per sweep)
max trunc_err = 6.7681e-07, max E_trunc = 5.5372e-06
chi: [512, 512, 512, 511, 511, 512, 512, 512, 512, 512, 512, 512]
================================================================================
INFO:tenpy.algorithms.dmrg:Running sweep with optimization
INFO:tenpy.algorithms.mps_common:start environment_sweep
INFO:tenpy.algorithms.dmrg:checkpoint after sweep 80
energy=-0.3955573215633497, max S=3.0633658701520496, age=2916, norm_err=2.1e-03
Current memory usage 717.2MB, wall time: 602.3s
Delta E = -3.0971e-04, Delta S = -5.4576e-05 (per sweep)
max trunc_err = 8.0759e-07, max E_trunc = 6.3693e-06
chi: [512, 512, 512, 511, 512, 512, 512, 512, 512, 512, 512, 512]
================================================================================
INFO:tenpy.algorithms.dmrg:Running sweep with optimization
INFO:tenpy.algorithms.mps_common:start environment_sweep
INFO:tenpy.algorithms.dmrg:checkpoint after sweep 90
energy=-0.3909995523084622, max S=3.0807418581893051, age=3276, norm_err=1.5e-01
Current memory usage 717.2MB, wall time: 603.7s
Delta E = 4.5578e-04, Delta S = 3.4171e-03 (per sweep)
max trunc_err = 3.0024e-06, max E_trunc = 4.7974e-06
chi: [512, 511, 512, 511, 512, 512, 512, 512, 512, 512, 512, 512]
================================================================================
INFO:tenpy.algorithms.dmrg:Running sweep with optimization
INFO:tenpy.algorithms.mps_common:start environment_sweep
INFO:tenpy.algorithms.dmrg:checkpoint after sweep 100
energy=-0.3974574055815670, max S=3.0349075538995014, age=3636, norm_err=1.1e-01
Current memory usage 717.2MB, wall time: 605.1s
Delta E = -6.4579e-04, Delta S = -8.4546e-03 (per sweep)
max trunc_err = 2.6217e-06, max E_trunc = 4.8951e-06
chi: [512, 511, 512, 511, 512, 512, 512, 512, 512, 512, 512, 512]
================================================================================
INFO:tenpy.algorithms.dmrg:Running sweep with optimization
INFO:tenpy.algorithms.mps_common:start environment_sweep
INFO:tenpy.algorithms.dmrg:checkpoint after sweep 110
energy=-0.3903882741722384, max S=2.9855451775482944, age=3996, norm_err=1.1e-03
Current memory usage 717.2MB, wall time: 603.2s
Delta E = 7.0691e-04, Delta S = -7.8015e-03 (per sweep)
max trunc_err = 7.0107e-07, max E_trunc = 5.7254e-06
chi: [512, 512, 512, 511, 512, 512, 512, 512, 512, 512, 512, 512]
================================================================================
INFO:tenpy.algorithms.mps_common:TwoSiteDMRGEngine: Maximum number of sweeps reached
INFO:tenpy.tools.params:DMRG: reading 'norm_tol'=1e-05
INFO:tenpy.tools.params:DMRG: reading 'norm_tol_final'=1e-10
INFO:tenpy.tools.params:DMRG: reading 'norm_tol_iter'=5
WARNING:tenpy.algorithms.dmrg:final DMRG state not in canonical form up to norm_tol=1.00e-05: norm_err=1.10e-03
INFO:tenpy.algorithms.mps_common:start environment_sweep
WARNING:tenpy.algorithms.dmrg:final DMRG state not in canonical form up to norm_tol_final=1.00e-10: norm_err=2.67e-07, calling psi.canonical_form()
INFO:tenpy.algorithms.dmrg:TwoSiteDMRGEngine finished after 110 sweeps, max chi=512
INFO:tenpy.tools.params:DMRG: reading 'max_trunc_err'=0.0001
INFO:tenpy.tools.params:MixedHofstadterLandauGauge_Pi_2: reading 'explicit_plus_hc'=False
INFO:tenpy.tools.params:MixedHofstadterLandauGauge_Pi_2: reading 'Lx'=2
INFO:tenpy.tools.params:MixedHofstadterLandauGauge_Pi_2: setting 'N_rings'=2
INFO:tenpy.tools.params:MixedHofstadterLandauGauge_Pi_2: reading 'xy_lattice'='Square'
INFO:tenpy.tools.params:MixedHofstadterLandauGauge_Pi_2: reading 'Ly'=6
INFO:tenpy.tools.params:MixedHofstadterLandauGauge_Pi_2: reading 'ring_order'=None
INFO:tenpy.tools.params:MixedHofstadterLandauGauge_Pi_2: reading 'conserve_k'=True
INFO:tenpy.tools.params:MixedHofstadterLandauGauge_Pi_2: reading 'bc_MPS'='infinite'
INFO:tenpy.tools.params:MixedHofstadterLandauGauge_Pi_2: reading 't'=-1
INFO:tenpy.tools.params:MixedHofstadterLandauGauge_Pi_2: reading 't2'=-0.25
INFO:tenpy.tools.params:MixedHofstadterLandauGauge_Pi_2: reading 'V1'=0.6
INFO:tenpy.tools.params:MixedHofstadterLandauGauge_Pi_2: reading 'phi_ext'=np.float64(0.30000000000000004)
INFO:tenpy.tools.params:MixedHofstadterLandauGauge_Pi_2: reading 'sort_mpo_legs'=False
/home/t30/kna/ge54yin/Documents/MasterThesisFQHinTMDs/MPS_stuff/MPScalculations/.venv/lib/python3.12/site-packages/tenpy/tools/params.py:232: UserWarning: unused options for config MixedHofstadterLandauGauge_Pi_2:
['Delta', 'N_rings', 'Nsec', 'bc', 'chi_max', 'ktot', 'saveAll']
  warnings.warn(msg.format(keys=sorted(unused), name=self.name))
INFO:tenpy.tools.params:DMRG: reading 'active_sites'=2
INFO:tenpy.tools.params:DMRG: reading 'diag_method'='default'
INFO:tenpy.tools.params:DMRG: subconfig 'trunc_params'=Config(<5 options>, 'trunc_params')
INFO:tenpy.tools.params:DMRG: reading 'max_N_sites_per_ring'=18
INFO:tenpy.tools.params:DMRG: reading 'combine'=False
INFO:tenpy.tools.params:DMRG: subconfig 'lanczos_params'=Config(<9 options>, 'lanczos_params')
INFO:tenpy.tools.params:DMRG: reading 'chi_list'=None
INFO:tenpy.tools.params:DMRG: reading 'start_env'=1
INFO:tenpy.algorithms.mps_common:start environment_sweep
INFO:tenpy.tools.params:DMRG: reading 'N_sweeps_check'=10
INFO:tenpy.tools.params:DMRG: subconfig 'mixer_params'=Config(<3 options>, 'mixer_params')
INFO:tenpy.tools.params:DMRG: reading 'mixer'=None
INFO:tenpy.tools.params:DMRG: reading 'max_sweeps'=100
INFO:tenpy.tools.params:DMRG: reading 'max_hours'=8760
INFO:tenpy.tools.params:DMRG: reading 'P_tol_to_trunc'=0.05
INFO:tenpy.tools.params:DMRG: reading 'P_tol_min'=5.0000000000000004e-30
INFO:tenpy.tools.params:DMRG: reading 'P_tol_max'=0.0001
INFO:tenpy.tools.params:DMRG: reading 'E_tol_to_trunc'=None
INFO:tenpy.algorithms.dmrg:Running sweep with optimization
INFO:tenpy.tools.params:DMRG: reading 'max_N_for_ED'=400
INFO:tenpy.tools.params:DMRG: reading 'update_env'=5
INFO:tenpy.algorithms.mps_common:start environment_sweep
INFO:tenpy.algorithms.dmrg:checkpoint after sweep 10
energy=-0.3985403043068712, max S=2.9542612252423752, age=396, norm_err=9.0e-04
Current memory usage 717.6MB, wall time: 598.7s
Delta E = nan, Delta S = -5.1603e-05 (per sweep)
max trunc_err = 5.3170e-07, max E_trunc = 4.4950e-06
chi: [512, 511, 512, 511, 512, 512, 512, 512, 512, 512, 512, 512]
================================================================================
INFO:tenpy.algorithms.dmrg:Running sweep with optimization
INFO:tenpy.algorithms.mps_common:start environment_sweep
INFO:tenpy.algorithms.dmrg:checkpoint after sweep 20
energy=-0.3970446808314018, max S=3.0802568202718286, age=756, norm_err=1.8e-03
Current memory usage 717.6MB, wall time: 601.3s
Delta E = 1.4956e-04, Delta S = 1.4181e-02 (per sweep)
max trunc_err = 8.6249e-07, max E_trunc = 7.0385e-06
chi: [512, 512, 512, 511, 512, 512, 512, 512, 512, 512, 512, 512]
================================================================================
INFO:tenpy.tools.params:DMRG: reading 'max_E_err'=1e-08
INFO:tenpy.tools.params:DMRG: reading 'max_S_err'=1e-05
INFO:tenpy.algorithms.dmrg:Running sweep with optimization
INFO:tenpy.algorithms.mps_common:start environment_sweep
INFO:tenpy.algorithms.dmrg:checkpoint after sweep 30
energy=-0.3924025035075971, max S=2.9113666001023395, age=1116, norm_err=2.5e-01
Current memory usage 717.6MB, wall time: 604.1s
Delta E = 4.6422e-04, Delta S = -1.4921e-02 (per sweep)
max trunc_err = 3.2868e-06, max E_trunc = 4.7758e-06
chi: [512, 511, 512, 511, 512, 512, 512, 512, 512, 512, 512, 512]
================================================================================
INFO:tenpy.algorithms.dmrg:Running sweep with optimization
INFO:tenpy.algorithms.mps_common:start environment_sweep
INFO:tenpy.algorithms.dmrg:checkpoint after sweep 40
energy=-0.3971452898463544, max S=3.0890016117304517, age=1476, norm_err=4.8e-02
Current memory usage 717.6MB, wall time: 605.0s
Delta E = -4.7428e-04, Delta S = 1.6851e-02 (per sweep)
max trunc_err = 2.2845e-06, max E_trunc = 4.7299e-06
chi: [512, 512, 512, 511, 512, 512, 512, 512, 512, 512, 512, 512]
================================================================================
INFO:tenpy.algorithms.dmrg:Running sweep with optimization
INFO:tenpy.algorithms.mps_common:start environment_sweep
INFO:tenpy.algorithms.dmrg:checkpoint after sweep 50
energy=-0.4101068850621772, max S=3.4266203182698751, age=1836, norm_err=8.4e-03
Current memory usage 717.6MB, wall time: 599.5s
Delta E = -1.2962e-03, Delta S = 3.1945e-02 (per sweep)
max trunc_err = 2.4682e-06, max E_trunc = 1.9737e-05
chi: [512, 512, 512, 512, 512, 512, 512, 512, 512, 512, 512, 512]
================================================================================
INFO:tenpy.algorithms.dmrg:Running sweep with optimization
INFO:tenpy.algorithms.mps_common:start environment_sweep
INFO:tenpy.algorithms.dmrg:checkpoint after sweep 60
energy=-0.4013998472238474, max S=3.1643081595613443, age=2196, norm_err=1.6e-03
Current memory usage 717.6MB, wall time: 599.1s
Delta E = 8.7070e-04, Delta S = -2.5039e-02 (per sweep)
max trunc_err = 1.2538e-06, max E_trunc = 7.5091e-06
chi: [512, 511, 512, 511, 512, 512, 512, 512, 512, 512, 512, 512]
================================================================================
INFO:tenpy.algorithms.dmrg:Running sweep with optimization
INFO:tenpy.algorithms.mps_common:start environment_sweep
INFO:tenpy.algorithms.dmrg:checkpoint after sweep 70
energy=-0.4068634249817649, max S=2.9780011371588935, age=2556, norm_err=2.0e-03
Current memory usage 717.6MB, wall time: 603.5s
Delta E = -5.4636e-04, Delta S = -2.1749e-02 (per sweep)
max trunc_err = 5.6179e-07, max E_trunc = 4.7319e-06
chi: [512, 512, 512, 511, 512, 512, 512, 512, 512, 512, 512, 512]
================================================================================
INFO:tenpy.algorithms.dmrg:Running sweep with optimization
INFO:tenpy.algorithms.mps_common:start environment_sweep
INFO:tenpy.algorithms.dmrg:checkpoint after sweep 80
energy=-0.3816017996274468, max S=2.7101418172312259, age=2916, norm_err=1.2e-02
Current memory usage 717.6MB, wall time: 602.1s
Delta E = 2.5262e-03, Delta S = -2.2790e-02 (per sweep)
max trunc_err = 5.0156e-07, max E_trunc = 6.7865e-07
chi: [512, 512, 512, 512, 512, 512, 512, 512, 512, 512, 512, 512]
================================================================================
INFO:tenpy.algorithms.dmrg:Running sweep with optimization
INFO:tenpy.algorithms.mps_common:start environment_sweep
INFO:tenpy.algorithms.dmrg:checkpoint after sweep 90
energy=-0.4034702947645788, max S=3.0658876784174192, age=3276, norm_err=4.3e-03
Current memory usage 717.6MB, wall time: 604.2s
Delta E = -2.1868e-03, Delta S = 2.8179e-02 (per sweep)
max trunc_err = 1.2523e-06, max E_trunc = 4.7522e-06
chi: [512, 511, 512, 511, 512, 512, 512, 512, 512, 512, 512, 512]
================================================================================
INFO:tenpy.algorithms.dmrg:Running sweep with optimization
INFO:tenpy.algorithms.mps_common:start environment_sweep
INFO:tenpy.algorithms.dmrg:checkpoint after sweep 100
energy=-0.3793816437108433, max S=3.1840643920061673, age=3636, norm_err=7.4e-04
Current memory usage 717.6MB, wall time: 597.6s
Delta E = 2.4089e-03, Delta S = 2.0635e-02 (per sweep)
max trunc_err = 9.4195e-07, max E_trunc = 7.4339e-07
chi: [512, 512, 512, 511, 512, 512, 512, 512, 512, 512, 512, 512]
================================================================================
INFO:tenpy.algorithms.dmrg:Running sweep with optimization
INFO:tenpy.algorithms.mps_common:start environment_sweep
INFO:tenpy.algorithms.dmrg:checkpoint after sweep 110
energy=-0.3998739073234579, max S=2.9473054395864304, age=3996, norm_err=5.4e-03
Current memory usage 717.6MB, wall time: 600.6s
Delta E = -2.0492e-03, Delta S = -2.6026e-02 (per sweep)
max trunc_err = 1.0647e-06, max E_trunc = 4.3504e-06
chi: [512, 512, 512, 511, 511, 512, 512, 512, 512, 512, 512, 512]
================================================================================
INFO:tenpy.algorithms.mps_common:TwoSiteDMRGEngine: Maximum number of sweeps reached
INFO:tenpy.tools.params:DMRG: reading 'norm_tol'=1e-05
INFO:tenpy.tools.params:DMRG: reading 'norm_tol_final'=1e-10
INFO:tenpy.tools.params:DMRG: reading 'norm_tol_iter'=5
WARNING:tenpy.algorithms.dmrg:final DMRG state not in canonical form up to norm_tol=1.00e-05: norm_err=5.42e-03
INFO:tenpy.algorithms.mps_common:start environment_sweep
INFO:tenpy.algorithms.mps_common:start environment_sweep
WARNING:tenpy.algorithms.dmrg:final DMRG state not in canonical form up to norm_tol_final=1.00e-10: norm_err=3.76e-07, calling psi.canonical_form()
INFO:tenpy.algorithms.dmrg:TwoSiteDMRGEngine finished after 110 sweeps, max chi=512
INFO:tenpy.tools.params:DMRG: reading 'max_trunc_err'=0.0001
INFO:tenpy.tools.params:MixedHofstadterLandauGauge_Pi_2: reading 'explicit_plus_hc'=False
INFO:tenpy.tools.params:MixedHofstadterLandauGauge_Pi_2: reading 'Lx'=2
INFO:tenpy.tools.params:MixedHofstadterLandauGauge_Pi_2: setting 'N_rings'=2
INFO:tenpy.tools.params:MixedHofstadterLandauGauge_Pi_2: reading 'xy_lattice'='Square'
INFO:tenpy.tools.params:MixedHofstadterLandauGauge_Pi_2: reading 'Ly'=6
INFO:tenpy.tools.params:MixedHofstadterLandauGauge_Pi_2: reading 'ring_order'=None
INFO:tenpy.tools.params:MixedHofstadterLandauGauge_Pi_2: reading 'conserve_k'=True
INFO:tenpy.tools.params:MixedHofstadterLandauGauge_Pi_2: reading 'bc_MPS'='infinite'
INFO:tenpy.tools.params:MixedHofstadterLandauGauge_Pi_2: reading 't'=-1
INFO:tenpy.tools.params:MixedHofstadterLandauGauge_Pi_2: reading 't2'=-0.25
INFO:tenpy.tools.params:MixedHofstadterLandauGauge_Pi_2: reading 'V1'=0.6
INFO:tenpy.tools.params:MixedHofstadterLandauGauge_Pi_2: reading 'phi_ext'=np.float64(0.35000000000000003)
INFO:tenpy.tools.params:MixedHofstadterLandauGauge_Pi_2: reading 'sort_mpo_legs'=False
/home/t30/kna/ge54yin/Documents/MasterThesisFQHinTMDs/MPS_stuff/MPScalculations/.venv/lib/python3.12/site-packages/tenpy/tools/params.py:232: UserWarning: unused options for config MixedHofstadterLandauGauge_Pi_2:
['Delta', 'N_rings', 'Nsec', 'bc', 'chi_max', 'ktot', 'saveAll']
  warnings.warn(msg.format(keys=sorted(unused), name=self.name))
INFO:tenpy.tools.params:DMRG: reading 'active_sites'=2
INFO:tenpy.tools.params:DMRG: reading 'diag_method'='default'
INFO:tenpy.tools.params:DMRG: subconfig 'trunc_params'=Config(<5 options>, 'trunc_params')
INFO:tenpy.tools.params:DMRG: reading 'max_N_sites_per_ring'=18
INFO:tenpy.tools.params:DMRG: reading 'combine'=False
INFO:tenpy.tools.params:DMRG: subconfig 'lanczos_params'=Config(<9 options>, 'lanczos_params')
INFO:tenpy.tools.params:DMRG: reading 'chi_list'=None
INFO:tenpy.tools.params:DMRG: reading 'start_env'=1
INFO:tenpy.algorithms.mps_common:start environment_sweep
INFO:tenpy.tools.params:DMRG: reading 'N_sweeps_check'=10
INFO:tenpy.tools.params:DMRG: subconfig 'mixer_params'=Config(<3 options>, 'mixer_params')
INFO:tenpy.tools.params:DMRG: reading 'mixer'=None
INFO:tenpy.tools.params:DMRG: reading 'max_sweeps'=100
INFO:tenpy.tools.params:DMRG: reading 'max_hours'=8760
INFO:tenpy.tools.params:DMRG: reading 'P_tol_to_trunc'=0.05
INFO:tenpy.tools.params:DMRG: reading 'P_tol_min'=5.0000000000000004e-30
INFO:tenpy.tools.params:DMRG: reading 'P_tol_max'=0.0001
INFO:tenpy.tools.params:DMRG: reading 'E_tol_to_trunc'=None
INFO:tenpy.algorithms.dmrg:Running sweep with optimization
INFO:tenpy.tools.params:DMRG: reading 'max_N_for_ED'=400
INFO:tenpy.tools.params:DMRG: reading 'update_env'=5
INFO:tenpy.algorithms.mps_common:start environment_sweep
INFO:tenpy.algorithms.dmrg:checkpoint after sweep 10
energy=-0.3804252364355539, max S=3.1269892215876358, age=396, norm_err=1.1e-03
Current memory usage 717.6MB, wall time: 591.1s
Delta E = nan, Delta S = 1.8156e-02 (per sweep)
max trunc_err = 1.2329e-06, max E_trunc = 6.4957e-07
chi: [512, 512, 512, 510, 512, 512, 512, 512, 512, 512, 512, 512]
================================================================================
INFO:tenpy.algorithms.dmrg:Running sweep with optimization
INFO:tenpy.algorithms.mps_common:start environment_sweep
INFO:tenpy.algorithms.dmrg:checkpoint after sweep 20
energy=-0.4012699068301444, max S=2.8664673455490983, age=756, norm_err=5.3e-03
Current memory usage 717.6MB, wall time: 597.7s
Delta E = -2.0845e-03, Delta S = -2.6384e-02 (per sweep)
max trunc_err = 8.9342e-07, max E_trunc = 4.3065e-06
chi: [512, 512, 512, 510, 511, 512, 512, 512, 512, 512, 512, 512]
================================================================================
INFO:tenpy.tools.params:DMRG: reading 'max_E_err'=1e-08
INFO:tenpy.tools.params:DMRG: reading 'max_S_err'=1e-05
INFO:tenpy.algorithms.dmrg:Running sweep with optimization
INFO:tenpy.algorithms.mps_common:start environment_sweep
INFO:tenpy.algorithms.dmrg:checkpoint after sweep 30
energy=-0.3863769156505228, max S=2.8566366878288476, age=1116, norm_err=8.4e-03
Current memory usage 717.6MB, wall time: 884.1s
Delta E = 1.4893e-03, Delta S = -2.2645e-03 (per sweep)
max trunc_err = 7.8281e-07, max E_trunc = 6.9373e-07
chi: [512, 512, 512, 511, 512, 512, 512, 512, 512, 512, 512, 512]
================================================================================
INFO:tenpy.algorithms.dmrg:Running sweep with optimization
INFO:tenpy.algorithms.mps_common:start environment_sweep
INFO:tenpy.algorithms.dmrg:checkpoint after sweep 40
energy=-0.3949755225412019, max S=3.0299225545538100, age=1476, norm_err=6.2e-02
Current memory usage 717.6MB, wall time: 981.0s
Delta E = -8.5986e-04, Delta S = 1.6016e-02 (per sweep)
max trunc_err = 2.3110e-06, max E_trunc = 4.8611e-06
chi: [512, 510, 512, 511, 512, 512, 512, 512, 512, 512, 512, 512]
================================================================================
INFO:tenpy.algorithms.dmrg:Running sweep with optimization
INFO:tenpy.algorithms.mps_common:start environment_sweep
INFO:tenpy.algorithms.dmrg:checkpoint after sweep 50
energy=-0.3999403484334796, max S=2.8963184062624681, age=1836, norm_err=6.6e-03
Current memory usage 717.6MB, wall time: 972.8s
Delta E = -4.9648e-04, Delta S = -1.0282e-02 (per sweep)
max trunc_err = 1.1183e-06, max E_trunc = 4.1207e-06
chi: [512, 512, 512, 511, 511, 512, 512, 512, 512, 512, 512, 512]
================================================================================
INFO:tenpy.algorithms.dmrg:Running sweep with optimization
INFO:tenpy.algorithms.mps_common:start environment_sweep
INFO:tenpy.algorithms.dmrg:checkpoint after sweep 60
energy=-0.3643132279478702, max S=2.7738601933918599, age=2196, norm_err=1.9e-02
Current memory usage 717.6MB, wall time: 956.9s
Delta E = 3.5627e-03, Delta S = -1.5735e-02 (per sweep)
max trunc_err = 4.9359e-07, max E_trunc = 6.4551e-07
chi: [512, 512, 512, 510, 511, 512, 512, 512, 512, 512, 512, 512]
================================================================================
INFO:tenpy.algorithms.dmrg:Running sweep with optimization
INFO:tenpy.algorithms.mps_common:start environment_sweep
INFO:tenpy.algorithms.dmrg:checkpoint after sweep 70
energy=-0.3919599973692414, max S=3.1210866927270438, age=2556, norm_err=7.4e-02
Current memory usage 717.6MB, wall time: 820.3s
Delta E = -2.7647e-03, Delta S = 3.7627e-02 (per sweep)
max trunc_err = 2.6240e-06, max E_trunc = 4.8655e-06
chi: [511, 511, 512, 511, 512, 512, 512, 512, 512, 512, 512, 512]
================================================================================
INFO:tenpy.algorithms.dmrg:Running sweep with optimization
INFO:tenpy.algorithms.mps_common:start environment_sweep
INFO:tenpy.algorithms.dmrg:checkpoint after sweep 80
energy=-0.4049569733966128, max S=3.2791844798879293, age=2916, norm_err=1.2e-02
Current memory usage 717.6MB, wall time: 902.4s
Delta E = -1.2997e-03, Delta S = 1.4563e-02 (per sweep)
max trunc_err = 1.3965e-06, max E_trunc = 1.0866e-05
chi: [512, 512, 512, 512, 512, 512, 512, 512, 512, 512, 512, 512]
================================================================================
INFO:tenpy.algorithms.dmrg:Running sweep with optimization
INFO:tenpy.algorithms.mps_common:start environment_sweep
INFO:tenpy.algorithms.dmrg:checkpoint after sweep 90
energy=-0.3375283854998088, max S=3.1748618971636375, age=3276, norm_err=1.6e-04
Current memory usage 717.6MB, wall time: 976.6s
Delta E = 6.7429e-03, Delta S = -5.6689e-03 (per sweep)
max trunc_err = 6.5736e-07, max E_trunc = 6.8935e-07
chi: [512, 511, 512, 512, 512, 512, 512, 512, 512, 512, 512, 512]
================================================================================
INFO:tenpy.algorithms.dmrg:Running sweep with optimization
INFO:tenpy.algorithms.mps_common:start environment_sweep
INFO:tenpy.algorithms.dmrg:checkpoint after sweep 100
energy=-0.4067773910264141, max S=3.0006940210431328, age=3636, norm_err=8.1e-02
Current memory usage 717.6MB, wall time: 969.2s
Delta E = -6.9249e-03, Delta S = -2.5419e-02 (per sweep)
max trunc_err = 1.4057e-06, max E_trunc = 1.1440e-05
chi: [512, 512, 512, 511, 512, 512, 512, 512, 512, 512, 512, 512]
================================================================================
INFO:tenpy.algorithms.dmrg:Running sweep with optimization
INFO:tenpy.algorithms.mps_common:start environment_sweep
INFO:tenpy.algorithms.dmrg:checkpoint after sweep 110
energy=-0.4087216275150070, max S=3.1882617953316990, age=3996, norm_err=1.4e-03
Current memory usage 717.6MB, wall time: 948.6s
Delta E = -1.9442e-04, Delta S = 1.9922e-02 (per sweep)
max trunc_err = 9.3265e-07, max E_trunc = 7.3484e-06
chi: [512, 512, 512, 511, 512, 512, 512, 512, 512, 512, 512, 512]
================================================================================
INFO:tenpy.algorithms.mps_common:TwoSiteDMRGEngine: Maximum number of sweeps reached
INFO:tenpy.tools.params:DMRG: reading 'norm_tol'=1e-05
INFO:tenpy.tools.params:DMRG: reading 'norm_tol_final'=1e-10
INFO:tenpy.tools.params:DMRG: reading 'norm_tol_iter'=5
WARNING:tenpy.algorithms.dmrg:final DMRG state not in canonical form up to norm_tol=1.00e-05: norm_err=1.43e-03
INFO:tenpy.algorithms.mps_common:start environment_sweep
WARNING:tenpy.algorithms.dmrg:final DMRG state not in canonical form up to norm_tol_final=1.00e-10: norm_err=5.36e-06, calling psi.canonical_form()
INFO:tenpy.algorithms.dmrg:TwoSiteDMRGEngine finished after 110 sweeps, max chi=512
INFO:tenpy.tools.params:DMRG: reading 'max_trunc_err'=0.0001
INFO:tenpy.tools.params:MixedHofstadterLandauGauge_Pi_2: reading 'explicit_plus_hc'=False
INFO:tenpy.tools.params:MixedHofstadterLandauGauge_Pi_2: reading 'Lx'=2
INFO:tenpy.tools.params:MixedHofstadterLandauGauge_Pi_2: setting 'N_rings'=2
INFO:tenpy.tools.params:MixedHofstadterLandauGauge_Pi_2: reading 'xy_lattice'='Square'
INFO:tenpy.tools.params:MixedHofstadterLandauGauge_Pi_2: reading 'Ly'=6
INFO:tenpy.tools.params:MixedHofstadterLandauGauge_Pi_2: reading 'ring_order'=None
INFO:tenpy.tools.params:MixedHofstadterLandauGauge_Pi_2: reading 'conserve_k'=True
INFO:tenpy.tools.params:MixedHofstadterLandauGauge_Pi_2: reading 'bc_MPS'='infinite'
INFO:tenpy.tools.params:MixedHofstadterLandauGauge_Pi_2: reading 't'=-1
INFO:tenpy.tools.params:MixedHofstadterLandauGauge_Pi_2: reading 't2'=-0.25
INFO:tenpy.tools.params:MixedHofstadterLandauGauge_Pi_2: reading 'V1'=0.6
INFO:tenpy.tools.params:MixedHofstadterLandauGauge_Pi_2: reading 'phi_ext'=np.float64(0.4)
INFO:tenpy.tools.params:MixedHofstadterLandauGauge_Pi_2: reading 'sort_mpo_legs'=False
/home/t30/kna/ge54yin/Documents/MasterThesisFQHinTMDs/MPS_stuff/MPScalculations/.venv/lib/python3.12/site-packages/tenpy/tools/params.py:232: UserWarning: unused options for config MixedHofstadterLandauGauge_Pi_2:
['Delta', 'N_rings', 'Nsec', 'bc', 'chi_max', 'ktot', 'saveAll']
  warnings.warn(msg.format(keys=sorted(unused), name=self.name))
INFO:tenpy.tools.params:DMRG: reading 'active_sites'=2
INFO:tenpy.tools.params:DMRG: reading 'diag_method'='default'
INFO:tenpy.tools.params:DMRG: subconfig 'trunc_params'=Config(<5 options>, 'trunc_params')
INFO:tenpy.tools.params:DMRG: reading 'max_N_sites_per_ring'=18
INFO:tenpy.tools.params:DMRG: reading 'combine'=False
INFO:tenpy.tools.params:DMRG: subconfig 'lanczos_params'=Config(<9 options>, 'lanczos_params')
INFO:tenpy.tools.params:DMRG: reading 'chi_list'=None
INFO:tenpy.tools.params:DMRG: reading 'start_env'=1
INFO:tenpy.algorithms.mps_common:start environment_sweep
INFO:tenpy.tools.params:DMRG: reading 'N_sweeps_check'=10
INFO:tenpy.tools.params:DMRG: subconfig 'mixer_params'=Config(<3 options>, 'mixer_params')
INFO:tenpy.tools.params:DMRG: reading 'mixer'=None
INFO:tenpy.tools.params:DMRG: reading 'max_sweeps'=100
INFO:tenpy.tools.params:DMRG: reading 'max_hours'=8760
INFO:tenpy.tools.params:DMRG: reading 'P_tol_to_trunc'=0.05
INFO:tenpy.tools.params:DMRG: reading 'P_tol_min'=5.0000000000000004e-30
INFO:tenpy.tools.params:DMRG: reading 'P_tol_max'=0.0001
INFO:tenpy.tools.params:DMRG: reading 'E_tol_to_trunc'=None
INFO:tenpy.algorithms.dmrg:Running sweep with optimization
INFO:tenpy.tools.params:DMRG: reading 'max_N_for_ED'=400
INFO:tenpy.tools.params:DMRG: reading 'update_env'=5
INFO:tenpy.algorithms.mps_common:start environment_sweep
INFO:tenpy.algorithms.dmrg:checkpoint after sweep 10
energy=-0.4046833346469303, max S=3.2679398319226505, age=396, norm_err=6.6e-03
Current memory usage 735.4MB, wall time: 755.2s
Delta E = nan, Delta S = 9.5713e-03 (per sweep)
max trunc_err = 1.3138e-06, max E_trunc = 1.0656e-05
chi: [512, 512, 512, 511, 512, 512, 512, 512, 512, 512, 512, 512]
================================================================================
INFO:tenpy.algorithms.dmrg:Running sweep with optimization
INFO:tenpy.algorithms.mps_common:start environment_sweep
INFO:tenpy.algorithms.dmrg:checkpoint after sweep 20
energy=-0.4085811322252084, max S=3.2921865504871626, age=756, norm_err=3.7e-03
Current memory usage 735.4MB, wall time: 603.6s
Delta E = -3.8978e-04, Delta S = 5.0347e-04 (per sweep)
max trunc_err = 1.8212e-06, max E_trunc = 1.4434e-05
chi: [512, 512, 512, 511, 512, 512, 512, 512, 512, 512, 512, 512]
================================================================================
INFO:tenpy.tools.params:DMRG: reading 'max_E_err'=1e-08
INFO:tenpy.tools.params:DMRG: reading 'max_S_err'=1e-05
INFO:tenpy.algorithms.dmrg:Running sweep with optimization
INFO:tenpy.algorithms.mps_common:start environment_sweep
INFO:tenpy.algorithms.dmrg:checkpoint after sweep 30
energy=-0.4050827878156416, max S=3.2548638651759036, age=1116, norm_err=2.1e-02
Current memory usage 735.4MB, wall time: 776.5s
Delta E = 3.4983e-04, Delta S = -8.1887e-04 (per sweep)
max trunc_err = 7.9386e-07, max E_trunc = 6.5934e-06
chi: [512, 512, 512, 510, 512, 512, 512, 512, 512, 512, 512, 512]
================================================================================
INFO:tenpy.algorithms.dmrg:Running sweep with optimization
INFO:tenpy.algorithms.mps_common:start environment_sweep
INFO:tenpy.algorithms.dmrg:checkpoint after sweep 40
energy=-0.4090565499193796, max S=3.5196343755930348, age=1476, norm_err=1.7e-02
Current memory usage 735.4MB, wall time: 987.1s
Delta E = -3.9738e-04, Delta S = 2.5204e-02 (per sweep)
max trunc_err = 2.5469e-06, max E_trunc = 2.0434e-05
chi: [512, 512, 512, 512, 512, 512, 512, 512, 512, 512, 512, 512]
================================================================================
INFO:tenpy.algorithms.dmrg:Running sweep with optimization
INFO:tenpy.algorithms.mps_common:start environment_sweep
INFO:tenpy.algorithms.dmrg:checkpoint after sweep 50
energy=-0.3843966691890728, max S=2.8239889798542661, age=1836, norm_err=3.1e-04
Current memory usage 735.4MB, wall time: 986.8s
Delta E = 2.4660e-03, Delta S = -6.4987e-02 (per sweep)
max trunc_err = 1.1380e-06, max E_trunc = 5.9891e-07
chi: [512, 512, 512, 510, 512, 512, 512, 512, 512, 512, 512, 512]
================================================================================
INFO:tenpy.algorithms.dmrg:Running sweep with optimization
INFO:tenpy.algorithms.mps_common:start environment_sweep
INFO:tenpy.algorithms.dmrg:checkpoint after sweep 60
energy=-0.4042565954661702, max S=3.0928116863990152, age=2196, norm_err=2.8e-03
Current memory usage 735.4MB, wall time: 999.6s
Delta E = -1.9860e-03, Delta S = 2.0805e-02 (per sweep)
max trunc_err = 1.2186e-06, max E_trunc = 4.6362e-06
chi: [512, 512, 512, 510, 511, 512, 512, 512, 512, 512, 512, 512]
================================================================================
INFO:tenpy.algorithms.dmrg:Running sweep with optimization
INFO:tenpy.algorithms.mps_common:start environment_sweep
INFO:tenpy.algorithms.dmrg:checkpoint after sweep 70
energy=-0.3764012837009432, max S=3.1014849007528911, age=2556, norm_err=2.0e-03
Current memory usage 735.4MB, wall time: 988.2s
Delta E = 2.7855e-03, Delta S = 5.9068e-03 (per sweep)
max trunc_err = 9.8868e-07, max E_trunc = 6.2800e-07
chi: [512, 512, 512, 511, 512, 512, 512, 512, 512, 512, 512, 512]
================================================================================
INFO:tenpy.algorithms.dmrg:Running sweep with optimization
INFO:tenpy.algorithms.mps_common:start environment_sweep
INFO:tenpy.algorithms.dmrg:checkpoint after sweep 80
energy=-0.4006616824446591, max S=2.7962756619950717, age=2916, norm_err=1.1e-02
Current memory usage 735.4MB, wall time: 993.4s
Delta E = -2.4260e-03, Delta S = -3.1101e-02 (per sweep)
max trunc_err = 9.3567e-07, max E_trunc = 3.9301e-06
chi: [512, 512, 512, 510, 512, 512, 512, 512, 512, 512, 512, 512]
================================================================================
INFO:tenpy.algorithms.dmrg:Running sweep with optimization
INFO:tenpy.algorithms.mps_common:start environment_sweep
INFO:tenpy.algorithms.dmrg:checkpoint after sweep 90
energy=-0.3795067788693511, max S=2.9992151417029937, age=3276, norm_err=2.3e-03
Current memory usage 735.4MB, wall time: 987.6s
Delta E = 2.1155e-03, Delta S = 1.9939e-02 (per sweep)
max trunc_err = 6.1561e-07, max E_trunc = 7.2000e-07
chi: [512, 511, 512, 512, 512, 512, 512, 512, 512, 512, 512, 512]
================================================================================
INFO:tenpy.algorithms.dmrg:Running sweep with optimization
INFO:tenpy.algorithms.mps_common:start environment_sweep
INFO:tenpy.algorithms.dmrg:checkpoint after sweep 100
energy=-0.4004421422590478, max S=2.8846035536111625, age=3636, norm_err=6.1e-03
Current memory usage 735.4MB, wall time: 986.2s
Delta E = -2.0935e-03, Delta S = -1.1723e-02 (per sweep)
max trunc_err = 1.0244e-06, max E_trunc = 3.8089e-06
chi: [512, 512, 512, 510, 511, 512, 512, 512, 512, 512, 512, 512]
================================================================================
INFO:tenpy.algorithms.dmrg:Running sweep with optimization
INFO:tenpy.algorithms.mps_common:start environment_sweep
INFO:tenpy.algorithms.dmrg:checkpoint after sweep 110
energy=-0.3948751631859959, max S=2.7835274570137480, age=3996, norm_err=8.4e-04
Current memory usage 735.4MB, wall time: 977.9s
Delta E = 5.5670e-04, Delta S = -1.3082e-02 (per sweep)
max trunc_err = 4.3765e-07, max E_trunc = 6.6849e-07
chi: [512, 512, 512, 512, 512, 512, 512, 512, 512, 512, 512, 512]
================================================================================
INFO:tenpy.algorithms.mps_common:TwoSiteDMRGEngine: Maximum number of sweeps reached
INFO:tenpy.tools.params:DMRG: reading 'norm_tol'=1e-05
INFO:tenpy.tools.params:DMRG: reading 'norm_tol_final'=1e-10
INFO:tenpy.tools.params:DMRG: reading 'norm_tol_iter'=5
WARNING:tenpy.algorithms.dmrg:final DMRG state not in canonical form up to norm_tol=1.00e-05: norm_err=8.43e-04
INFO:tenpy.algorithms.mps_common:start environment_sweep
WARNING:tenpy.algorithms.dmrg:final DMRG state not in canonical form up to norm_tol_final=1.00e-10: norm_err=7.63e-07, calling psi.canonical_form()
INFO:tenpy.algorithms.dmrg:TwoSiteDMRGEngine finished after 110 sweeps, max chi=512
INFO:tenpy.tools.params:DMRG: reading 'max_trunc_err'=0.0001
INFO:tenpy.tools.params:MixedHofstadterLandauGauge_Pi_2: reading 'explicit_plus_hc'=False
INFO:tenpy.tools.params:MixedHofstadterLandauGauge_Pi_2: reading 'Lx'=2
INFO:tenpy.tools.params:MixedHofstadterLandauGauge_Pi_2: setting 'N_rings'=2
INFO:tenpy.tools.params:MixedHofstadterLandauGauge_Pi_2: reading 'xy_lattice'='Square'
INFO:tenpy.tools.params:MixedHofstadterLandauGauge_Pi_2: reading 'Ly'=6
INFO:tenpy.tools.params:MixedHofstadterLandauGauge_Pi_2: reading 'ring_order'=None
INFO:tenpy.tools.params:MixedHofstadterLandauGauge_Pi_2: reading 'conserve_k'=True
INFO:tenpy.tools.params:MixedHofstadterLandauGauge_Pi_2: reading 'bc_MPS'='infinite'
INFO:tenpy.tools.params:MixedHofstadterLandauGauge_Pi_2: reading 't'=-1
INFO:tenpy.tools.params:MixedHofstadterLandauGauge_Pi_2: reading 't2'=-0.25
INFO:tenpy.tools.params:MixedHofstadterLandauGauge_Pi_2: reading 'V1'=0.6
INFO:tenpy.tools.params:MixedHofstadterLandauGauge_Pi_2: reading 'phi_ext'=np.float64(0.45)
INFO:tenpy.tools.params:MixedHofstadterLandauGauge_Pi_2: reading 'sort_mpo_legs'=False
/home/t30/kna/ge54yin/Documents/MasterThesisFQHinTMDs/MPS_stuff/MPScalculations/.venv/lib/python3.12/site-packages/tenpy/tools/params.py:232: UserWarning: unused options for config MixedHofstadterLandauGauge_Pi_2:
['Delta', 'N_rings', 'Nsec', 'bc', 'chi_max', 'ktot', 'saveAll']
  warnings.warn(msg.format(keys=sorted(unused), name=self.name))
INFO:tenpy.tools.params:DMRG: reading 'active_sites'=2
INFO:tenpy.tools.params:DMRG: reading 'diag_method'='default'
INFO:tenpy.tools.params:DMRG: subconfig 'trunc_params'=Config(<5 options>, 'trunc_params')
INFO:tenpy.tools.params:DMRG: reading 'max_N_sites_per_ring'=18
INFO:tenpy.tools.params:DMRG: reading 'combine'=False
INFO:tenpy.tools.params:DMRG: subconfig 'lanczos_params'=Config(<9 options>, 'lanczos_params')
INFO:tenpy.tools.params:DMRG: reading 'chi_list'=None
INFO:tenpy.tools.params:DMRG: reading 'start_env'=1
INFO:tenpy.algorithms.mps_common:start environment_sweep
INFO:tenpy.tools.params:DMRG: reading 'N_sweeps_check'=10
INFO:tenpy.tools.params:DMRG: subconfig 'mixer_params'=Config(<3 options>, 'mixer_params')
INFO:tenpy.tools.params:DMRG: reading 'mixer'=None
INFO:tenpy.tools.params:DMRG: reading 'max_sweeps'=100
INFO:tenpy.tools.params:DMRG: reading 'max_hours'=8760
INFO:tenpy.tools.params:DMRG: reading 'P_tol_to_trunc'=0.05
INFO:tenpy.tools.params:DMRG: reading 'P_tol_min'=5.0000000000000004e-30
INFO:tenpy.tools.params:DMRG: reading 'P_tol_max'=0.0001
INFO:tenpy.tools.params:DMRG: reading 'E_tol_to_trunc'=None
INFO:tenpy.algorithms.dmrg:Running sweep with optimization
INFO:tenpy.tools.params:DMRG: reading 'max_N_for_ED'=400
INFO:tenpy.tools.params:DMRG: reading 'update_env'=5
INFO:tenpy.algorithms.mps_common:start environment_sweep
INFO:tenpy.algorithms.dmrg:checkpoint after sweep 10
energy=-0.3985681420236595, max S=3.1309844921794880, age=396, norm_err=1.4e-02
Current memory usage 735.4MB, wall time: 964.0s
Delta E = nan, Delta S = 3.4889e-02 (per sweep)
max trunc_err = 1.9389e-06, max E_trunc = 4.7654e-06
chi: [512, 511, 512, 511, 512, 512, 512, 512, 512, 512, 512, 512]
================================================================================
INFO:tenpy.algorithms.dmrg:Running sweep with optimization
INFO:tenpy.algorithms.mps_common:start environment_sweep
INFO:tenpy.algorithms.dmrg:checkpoint after sweep 20
energy=-0.4085952328837053, max S=3.2540962213710127, age=756, norm_err=3.8e-03
Current memory usage 735.4MB, wall time: 966.5s
Delta E = -1.0027e-03, Delta S = 1.1451e-02 (per sweep)
max trunc_err = 2.1564e-06, max E_trunc = 1.6684e-05
chi: [512, 512, 512, 511, 512, 512, 512, 512, 512, 512, 512, 512]
================================================================================
INFO:tenpy.tools.params:DMRG: reading 'max_E_err'=1e-08
INFO:tenpy.tools.params:DMRG: reading 'max_S_err'=1e-05
INFO:tenpy.algorithms.dmrg:Running sweep with optimization
INFO:tenpy.algorithms.mps_common:start environment_sweep
INFO:tenpy.algorithms.dmrg:checkpoint after sweep 30
energy=-0.4026466536060364, max S=3.2802391462404170, age=1116, norm_err=8.1e-03
Current memory usage 735.4MB, wall time: 953.9s
Delta E = 5.9486e-04, Delta S = 4.8826e-03 (per sweep)
max trunc_err = 1.9257e-06, max E_trunc = 1.3882e-05
chi: [512, 512, 512, 512, 512, 512, 512, 512, 512, 512, 512, 512]
================================================================================
INFO:tenpy.algorithms.dmrg:Running sweep with optimization
INFO:tenpy.algorithms.mps_common:start environment_sweep
INFO:tenpy.algorithms.dmrg:checkpoint after sweep 40
energy=-0.3771503228163529, max S=3.0455779080384735, age=1476, norm_err=8.5e-04
Current memory usage 735.4MB, wall time: 860.7s
Delta E = 2.5496e-03, Delta S = -2.1073e-02 (per sweep)
max trunc_err = 1.3801e-06, max E_trunc = 6.3778e-07
chi: [512, 512, 512, 510, 512, 512, 512, 512, 512, 512, 512, 512]
================================================================================
INFO:tenpy.algorithms.dmrg:Running sweep with optimization
INFO:tenpy.algorithms.mps_common:start environment_sweep
INFO:tenpy.algorithms.dmrg:checkpoint after sweep 50
energy=-0.3928887548544585, max S=3.0373050766198455, age=1836, norm_err=1.2e-01
Current memory usage 735.4MB, wall time: 697.1s
Delta E = -1.5738e-03, Delta S = -2.4824e-03 (per sweep)
max trunc_err = 1.8590e-06, max E_trunc = 4.8938e-06
chi: [512, 511, 512, 510, 512, 512, 512, 512, 512, 512, 512, 512]
================================================================================
INFO:tenpy.algorithms.dmrg:Running sweep with optimization
INFO:tenpy.algorithms.mps_common:start environment_sweep
INFO:tenpy.algorithms.dmrg:checkpoint after sweep 60
energy=-0.3993157416391853, max S=3.1138562234302771, age=2196, norm_err=1.4e-03
Current memory usage 735.4MB, wall time: 601.5s
Delta E = -6.4270e-04, Delta S = 6.1432e-03 (per sweep)
max trunc_err = 1.0765e-06, max E_trunc = 6.7824e-06
chi: [512, 512, 512, 511, 512, 512, 512, 512, 512, 512, 512, 512]
================================================================================
INFO:tenpy.algorithms.dmrg:Running sweep with optimization
INFO:tenpy.algorithms.mps_common:start environment_sweep
INFO:tenpy.algorithms.dmrg:checkpoint after sweep 70
energy=-0.3935458339644053, max S=3.1030591358213462, age=2556, norm_err=7.7e-02
Current memory usage 735.4MB, wall time: 605.6s
Delta E = 5.7699e-04, Delta S = -2.8249e-03 (per sweep)
max trunc_err = 2.4707e-06, max E_trunc = 5.0257e-06
chi: [512, 512, 512, 511, 512, 512, 512, 512, 512, 512, 512, 512]
================================================================================
INFO:tenpy.algorithms.dmrg:Running sweep with optimization
INFO:tenpy.algorithms.mps_common:start environment_sweep
INFO:tenpy.algorithms.dmrg:checkpoint after sweep 80
energy=-0.4002964886729122, max S=2.7967730315717350, age=2916, norm_err=3.8e-03
Current memory usage 735.4MB, wall time: 602.1s
Delta E = -6.7507e-04, Delta S = -2.7107e-02 (per sweep)
max trunc_err = 1.2616e-06, max E_trunc = 3.5451e-06
chi: [512, 512, 512, 509, 512, 512, 512, 512, 512, 512, 512, 512]
================================================================================
INFO:tenpy.algorithms.dmrg:Running sweep with optimization
